M5 stats block 2 [["0",[264,"0"]],[120,[402,"1"]],[300,[664,"1"]],[700,[664,"1"]]]
M12 hero Call Alex [["0",[221,0]],[120,[95,0]],[300,[0,33]],[700,[0,221]]]
node:internal/modules/run_main:123
    triggerUncaughtException(
    ^

locator.scrollIntoViewIfNeeded: Timeout 29971.617ms exceeded.
Call log:
  - attempting scroll into view action
    2 × waiting for element to be stable
      - element is not stable
    - retrying scroll into view action
    - waiting 20ms
    2 × waiting for element to be stable
      - element is not stable
    - retrying scroll into view action
      - waiting 100ms
    50 × waiting for element to be stable
       - element is not stable
     - retrying scroll into view action
       - waiting 500ms

    at sample (/Users/riyaghosh/V3/transform/qa/hover-sample.mjs:10:52)
    at /Users/riyaghosh/V3/transform/qa/hover-sample.mjs:21:7 {
  log: [
    '  - attempting scroll into view action',
    '    2 × waiting for element to be stable',
    '      - element is not stable',
    '    - retrying scroll into view action',
    '    - waiting 20ms',
    '    2 × waiting for element to be stable',
    '      - element is not stable',
    '    - retrying scroll into view action',
    '      - waiting 100ms',
    '    50 × waiting for element to be stable',
    '       - element is not stable',
    '     - retrying scroll into view action',
    '       - waiting 500ms'
  ],
  name: 'TimeoutError'
}

Node.js v20.20.2
