PASS / 1440: height 25922 / live 25922 (Δ0) overflowX 0 / live 0 errors 0 external 0 title "Transform9 — Maximize Every Call with a Custom AI Agent" / live "Transform9 — Maximize Every Call with a Custom AI Agent"
PASS / 1024: height 22731 / live 22731 (Δ0) overflowX 0 / live 0 errors 0 external 0 title "Transform9 — Maximize Every Call with a Custom AI Agent" / live "Transform9 — Maximize Every Call with a Custom AI Agent"
PASS / 768: height 14430 / live 14430 (Δ0) overflowX 0 / live 0 errors 0 external 0 title "Transform9 — Maximize Every Call with a Custom AI Agent" / live "Transform9 — Maximize Every Call with a Custom AI Agent"
PASS / 390: height 17939 / live 17939 (Δ0) overflowX 0 / live 0 errors 0 external 0 title "Transform9 — Maximize Every Call with a Custom AI Agent" / live "Transform9 — Maximize Every Call with a Custom AI Agent"
PASS /compare 1440: height 12791 / live 12791 (Δ0) overflowX 0 / live 0 errors 0 external 0 title "Compare" / live "Compare"
PASS /compare 1024: height 11313 / live 11313 (Δ0) overflowX 0 / live 0 errors 0 external 0 title "Compare" / live "Compare"
PASS /compare 768: height 9853 / live 9853 (Δ0) overflowX 0 / live 0 errors 0 external 0 title "Compare" / live "Compare"
PASS /compare 390: height 12625 / live 12625 (Δ0) overflowX 0 / live 0 errors 0 external 0 title "Compare" / live "Compare"
PASS /book-a-demo 1440: height 1265 / live 1265 (Δ0) overflowX 0 / live 0 errors 0 external 0 title "Book a Demo" / live "Book a Demo"
PASS /book-a-demo 1024: height 1194 / live 1194 (Δ0) overflowX 0 / live 0 errors 0 external 0 title "Book a Demo" / live "Book a Demo"
PASS /book-a-demo 768: height 1468 / live 1468 (Δ0) overflowX 0 / live 0 errors 0 external 0 title "Book a Demo" / live "Book a Demo"
PASS /book-a-demo 390: height 1085 / live 1085 (Δ0) overflowX 0 / live 0 errors 0 external 0 title "Book a Demo" / live "Book a Demo"
PASS /terms-of-use 1440: height 16886 / live 16886 (Δ0) overflowX 0 / live 0 errors 0 external 0 title "Terms of Use" / live "Terms of Use"
PASS /terms-of-use 1024: height 16458 / live 16458 (Δ0) overflowX 0 / live 0 errors 0 external 0 title "Terms of Use" / live "Terms of Use"
PASS /terms-of-use 768: height 13883 / live 13883 (Δ0) overflowX 0 / live 0 errors 0 external 0 title "Terms of Use" / live "Terms of Use"
PASS /terms-of-use 390: height 25968 / live 25968 (Δ0) overflowX 0 / live 0 errors 0 external 0 title "Terms of Use" / live "Terms of Use"
PASS /privacy-policy 1440: height 8142 / live 8142 (Δ0) overflowX 0 / live 0 errors 0 external 0 title "Privacy Policy" / live "Privacy Policy"
PASS /privacy-policy 1024: height 7828 / live 7828 (Δ0) overflowX 0 / live 0 errors 0 external 0 title "Privacy Policy" / live "Privacy Policy"
PASS /privacy-policy 768: height 7278 / live 7278 (Δ0) overflowX 0 / live 0 errors 0 external 0 title "Privacy Policy" / live "Privacy Policy"
PASS /privacy-policy 390: height 10092 / live 10092 (Δ0) overflowX 81 / live 81 errors 0 external 0 title "Privacy Policy" / live "Privacy Policy"
PASS /hipaa 1440: height 4406 / live 4406 (Δ0) overflowX 0 / live 0 errors 0 external 0 title "HIPAA" / live "HIPAA"
PASS /hipaa 1024: height 4206 / live 4206 (Δ0) overflowX 0 / live 0 errors 0 external 0 title "HIPAA" / live "HIPAA"
PASS /hipaa 768: height 4000 / live 4000 (Δ0) overflowX 0 / live 0 errors 0 external 0 title "HIPAA" / live "HIPAA"
PASS /hipaa 390: height 5589 / live 5589 (Δ0) overflowX 0 / live 0 errors 0 external 0 title "HIPAA" / live "HIPAA"
PASS /blog 1440: height 5722 / live 5722 (Δ0) overflowX 0 / live 0 errors 0 external 0 title "Blog" / live "Blog"
PASS /blog 1024: height 4569 / live 4569 (Δ0) overflowX 0 / live 0 errors 0 external 0 title "Blog" / live "Blog"
PASS /blog 768: height 4416 / live 4416 (Δ0) overflowX 0 / live 0 errors 0 external 0 title "Blog" / live "Blog"
PASS /blog 390: height 5539 / live 5539 (Δ0) overflowX 0 / live 0 errors 0 external 0 title "Blog" / live "Blog"
PASS /blog/ai-voice-agents-for-athenahealth-7-questions-to-ask-before-choosing-a-platform 1440: height 8037 / live 8037 (Δ0) overflowX 0 / live 0 errors 0 external 0 title "AI Voice Agents for athenahealth: 7 Questions to Ask Before Choosing a Platform" / live "AI Voice Agents for athenahealth: 7 Questions to Ask Before Choosing a Platform"
PASS /blog/ai-voice-agents-for-athenahealth-7-questions-to-ask-before-choosing-a-platform 1024: height 8222 / live 8222 (Δ0) overflowX 0 / live 0 errors 0 external 0 title "AI Voice Agents for athenahealth: 7 Questions to Ask Before Choosing a Platform" / live "AI Voice Agents for athenahealth: 7 Questions to Ask Before Choosing a Platform"
PASS /blog/ai-voice-agents-for-athenahealth-7-questions-to-ask-before-choosing-a-platform 768: height 8119 / live 8119 (Δ0) overflowX 0 / live 0 errors 0 external 0 title "AI Voice Agents for athenahealth: 7 Questions to Ask Before Choosing a Platform" / live "AI Voice Agents for athenahealth: 7 Questions to Ask Before Choosing a Platform"
PASS /blog/ai-voice-agents-for-athenahealth-7-questions-to-ask-before-choosing-a-platform 390: height 11921 / live 11921 (Δ0) overflowX 0 / live 0 errors 0 external 0 title "AI Voice Agents for athenahealth: 7 Questions to Ask Before Choosing a Platform" / live "AI Voice Agents for athenahealth: 7 Questions to Ask Before Choosing a Platform"
PASS /blog/ent-reimbursement-in-2027-what-medicare-s-proposed-cuts-mean-for-otolaryngology-practices 1440: height 7570 / live 7570 (Δ0) overflowX 0 / live 0 errors 0 external 0 title "ENT Reimbursement in 2027: What Medicare's Proposed Cuts Mean for Otolaryngology Practices" / live "ENT Reimbursement in 2027: What Medicare's Proposed Cuts Mean for Otolaryngology Practices"
PASS /blog/ent-reimbursement-in-2027-what-medicare-s-proposed-cuts-mean-for-otolaryngology-practices 1024: height 7837 / live 7837 (Δ0) overflowX 0 / live 0 errors 0 external 0 title "ENT Reimbursement in 2027: What Medicare's Proposed Cuts Mean for Otolaryngology Practices" / live "ENT Reimbursement in 2027: What Medicare's Proposed Cuts Mean for Otolaryngology Practices"
PASS /blog/ent-reimbursement-in-2027-what-medicare-s-proposed-cuts-mean-for-otolaryngology-practices 768: height 7707 / live 7707 (Δ0) overflowX 0 / live 0 errors 0 external 0 title "ENT Reimbursement in 2027: What Medicare's Proposed Cuts Mean for Otolaryngology Practices" / live "ENT Reimbursement in 2027: What Medicare's Proposed Cuts Mean for Otolaryngology Practices"
PASS /blog/ent-reimbursement-in-2027-what-medicare-s-proposed-cuts-mean-for-otolaryngology-practices 390: height 11634 / live 11634 (Δ0) overflowX 0 / live 0 errors 0 external 0 title "ENT Reimbursement in 2027: What Medicare's Proposed Cuts Mean for Otolaryngology Practices" / live "ENT Reimbursement in 2027: What Medicare's Proposed Cuts Mean for Otolaryngology Practices"
PASS /blog/medical-practice-call-volume-january 1440: height 5765 / live 5765 (Δ0) overflowX 0 / live 0 errors 0 external 0 title "Your Practice's January Call Surge Starts Being a Problem in October" / live "Your Practice's January Call Surge Starts Being a Problem in October"
PASS /blog/medical-practice-call-volume-january 1024: height 5883 / live 5883 (Δ0) overflowX 0 / live 0 errors 0 external 0 title "Your Practice's January Call Surge Starts Being a Problem in October" / live "Your Practice's January Call Surge Starts Being a Problem in October"
PASS /blog/medical-practice-call-volume-january 768: height 5770 / live 5770 (Δ0) overflowX 0 / live 0 errors 0 external 0 title "Your Practice's January Call Surge Starts Being a Problem in October" / live "Your Practice's January Call Surge Starts Being a Problem in October"
PASS /blog/medical-practice-call-volume-january 390: height 8741 / live 8741 (Δ0) overflowX 0 / live 0 errors 0 external 0 title "Your Practice's January Call Surge Starts Being a Problem in October" / live "Your Practice's January Call Surge Starts Being a Problem in October"
PASS /blog/orthopedic-ai-answering-service 1440: height 7138 / live 7138 (Δ0) overflowX 0 / live 0 errors 0 external 0 title "The Orthopedic Bottleneck: Why Traditional Answering Services Are Failing Your Practice" / live "The Orthopedic Bottleneck: Why Traditional Answering Services Are Failing Your Practice"
PASS /blog/orthopedic-ai-answering-service 1024: height 7499 / live 7499 (Δ0) overflowX 0 / live 0 errors 0 external 0 title "The Orthopedic Bottleneck: Why Traditional Answering Services Are Failing Your Practice" / live "The Orthopedic Bottleneck: Why Traditional Answering Services Are Failing Your Practice"
PASS /blog/orthopedic-ai-answering-service 768: height 7385 / live 7385 (Δ0) overflowX 0 / live 0 errors 0 external 0 title "The Orthopedic Bottleneck: Why Traditional Answering Services Are Failing Your Practice" / live "The Orthopedic Bottleneck: Why Traditional Answering Services Are Failing Your Practice"
PASS /blog/orthopedic-ai-answering-service 390: height 11651 / live 11651 (Δ0) overflowX 0 / live 0 errors 0 external 0 title "The Orthopedic Bottleneck: Why Traditional Answering Services Are Failing Your Practice" / live "The Orthopedic Bottleneck: Why Traditional Answering Services Are Failing Your Practice"
PASS /blog/redefining-healthcare-ai 1440: height 5543 / live 5543 (Δ0) overflowX 0 / live 0 errors 0 external 0 title "Redefining Healthcare AI: The Future Of Medicine" / live "Redefining Healthcare AI: The Future Of Medicine"
PASS /blog/redefining-healthcare-ai 1024: height 5339 / live 5339 (Δ0) overflowX 0 / live 0 errors 0 external 0 title "Redefining Healthcare AI: The Future Of Medicine" / live "Redefining Healthcare AI: The Future Of Medicine"
PASS /blog/redefining-healthcare-ai 768: height 5274 / live 5274 (Δ0) overflowX 0 / live 0 errors 0 external 0 title "Redefining Healthcare AI: The Future Of Medicine" / live "Redefining Healthcare AI: The Future Of Medicine"
PASS /blog/redefining-healthcare-ai 390: height 7380 / live 7380 (Δ0) overflowX 0 / live 0 errors 0 external 0 title "Redefining Healthcare AI: The Future Of Medicine" / live "Redefining Healthcare AI: The Future Of Medicine"
PASS /blog/the-12-month-shift-why-voice-ai-agents-are-now-a-financial-imperative-for-specialty-practices 1440: height 7304 / live 7304 (Δ0) overflowX 0 / live 0 errors 0 external 0 title "The 12-Month Shift: Why Voice AI Agents Are Now a Financial Imperative for Specialty Practices" / live "The 12-Month Shift: Why Voice AI Agents Are Now a Financial Imperative for Specialty Practices"
PASS /blog/the-12-month-shift-why-voice-ai-agents-are-now-a-financial-imperative-for-specialty-practices 1024: height 7924 / live 7924 (Δ0) overflowX 0 / live 0 errors 0 external 0 title "The 12-Month Shift: Why Voice AI Agents Are Now a Financial Imperative for Specialty Practices" / live "The 12-Month Shift: Why Voice AI Agents Are Now a Financial Imperative for Specialty Practices"
PASS /blog/the-12-month-shift-why-voice-ai-agents-are-now-a-financial-imperative-for-specialty-practices 768: height 7796 / live 7796 (Δ0) overflowX 0 / live 0 errors 0 external 0 title "The 12-Month Shift: Why Voice AI Agents Are Now a Financial Imperative for Specialty Practices" / live "The 12-Month Shift: Why Voice AI Agents Are Now a Financial Imperative for Specialty Practices"
PASS /blog/the-12-month-shift-why-voice-ai-agents-are-now-a-financial-imperative-for-specialty-practices 390: height 12656 / live 12656 (Δ0) overflowX 0 / live 0 errors 0 external 0 title "The 12-Month Shift: Why Voice AI Agents Are Now a Financial Imperative for Specialty Practices" / live "The 12-Month Shift: Why Voice AI Agents Are Now a Financial Imperative for Specialty Practices"
PASS /blog/why-generic-ai-virtual-assistants-fail-specialty-medical-practices-and-what-actually-works 1440: height 7080 / live 7080 (Δ0) overflowX 0 / live 0 errors 0 external 0 title "Why Generic AI Virtual Assistants Fail Specialty Medical Practices (and What Actually Works)" / live "Why Generic AI Virtual Assistants Fail Specialty Medical Practices (and What Actually Works)"
PASS /blog/why-generic-ai-virtual-assistants-fail-specialty-medical-practices-and-what-actually-works 1024: height 7785 / live 7785 (Δ0) overflowX 0 / live 0 errors 0 external 0 title "Why Generic AI Virtual Assistants Fail Specialty Medical Practices (and What Actually Works)" / live "Why Generic AI Virtual Assistants Fail Specialty Medical Practices (and What Actually Works)"
PASS /blog/why-generic-ai-virtual-assistants-fail-specialty-medical-practices-and-what-actually-works 768: height 7437 / live 7437 (Δ0) overflowX 0 / live 0 errors 0 external 0 title "Why Generic AI Virtual Assistants Fail Specialty Medical Practices (and What Actually Works)" / live "Why Generic AI Virtual Assistants Fail Specialty Medical Practices (and What Actually Works)"
PASS /blog/why-generic-ai-virtual-assistants-fail-specialty-medical-practices-and-what-actually-works 390: height 12060 / live 12060 (Δ0) overflowX 0 / live 0 errors 0 external 0 title "Why Generic AI Virtual Assistants Fail Specialty Medical Practices (and What Actually Works)" / live "Why Generic AI Virtual Assistants Fail Specialty Medical Practices (and What Actually Works)"
PASS /blog/why-traditional-ivr-is-failing-your-practice-and-how-ai-voice-agents-fix-the-press-0-trap 1440: height 7046 / live 7046 (Δ0) overflowX 0 / live 0 errors 0 external 0 title "Why Traditional IVR is Failing Your Practice—and How AI Voice Agents Fix the 'Press 0' Trap" / live "Why Traditional IVR is Failing Your Practice—and How AI Voice Agents Fix the 'Press 0' Trap"
PASS /blog/why-traditional-ivr-is-failing-your-practice-and-how-ai-voice-agents-fix-the-press-0-trap 1024: height 7518 / live 7518 (Δ0) overflowX 0 / live 0 errors 0 external 0 title "Why Traditional IVR is Failing Your Practice—and How AI Voice Agents Fix the 'Press 0' Trap" / live "Why Traditional IVR is Failing Your Practice—and How AI Voice Agents Fix the 'Press 0' Trap"
PASS /blog/why-traditional-ivr-is-failing-your-practice-and-how-ai-voice-agents-fix-the-press-0-trap 768: height 7253 / live 7253 (Δ0) overflowX 0 / live 0 errors 0 external 0 title "Why Traditional IVR is Failing Your Practice—and How AI Voice Agents Fix the 'Press 0' Trap" / live "Why Traditional IVR is Failing Your Practice—and How AI Voice Agents Fix the 'Press 0' Trap"
PASS /blog/why-traditional-ivr-is-failing-your-practice-and-how-ai-voice-agents-fix-the-press-0-trap 390: height 11414 / live 11414 (Δ0) overflowX 0 / live 0 errors 0 external 0 title "Why Traditional IVR is Failing Your Practice—and How AI Voice Agents Fix the 'Press 0' Trap" / live "Why Traditional IVR is Failing Your Practice—and How AI Voice Agents Fix the 'Press 0' Trap"
PASS /case-studies 1440: height 4640 / live 4640 (Δ0) overflowX 0 / live 0 errors 0 external 0 title "Case Studies" / live "Case Studies"
PASS /case-studies 1024: height 3661 / live 3661 (Δ0) overflowX 0 / live 0 errors 0 external 0 title "Case Studies" / live "Case Studies"
PASS /case-studies 768: height 3770 / live 3770 (Δ0) overflowX 0 / live 0 errors 0 external 0 title "Case Studies" / live "Case Studies"
PASS /case-studies 390: height 4006 / live 4006 (Δ0) overflowX 0 / live 0 errors 0 external 0 title "Case Studies" / live "Case Studies"
PASS /case-studies/southern-bone-joint 1440: height 7477 / live 7477 (Δ0) overflowX 0 / live 0 errors 0 external 0 title "Southern Bone & Joint" / live "Southern Bone & Joint"
PASS /case-studies/southern-bone-joint 1024: height 6976 / live 6976 (Δ0) overflowX 0 / live 0 errors 0 external 0 title "Southern Bone & Joint" / live "Southern Bone & Joint"
PASS /case-studies/southern-bone-joint 768: height 6814 / live 6814 (Δ0) overflowX 0 / live 0 errors 0 external 0 title "Southern Bone & Joint" / live "Southern Bone & Joint"
PASS /case-studies/southern-bone-joint 390: height 9373 / live 9373 (Δ0) overflowX 0 / live 0 errors 0 external 0 title "Southern Bone & Joint" / live "Southern Bone & Joint"
PASS /case-studies/the-orthopaedic-center 1440: height 5389 / live 5389 (Δ0) overflowX 0 / live 0 errors 0 external 0 title "The Orthopaedic Center" / live "The Orthopaedic Center"
PASS /case-studies/the-orthopaedic-center 1024: height 4649 / live 4649 (Δ0) overflowX 0 / live 0 errors 0 external 0 title "The Orthopaedic Center" / live "The Orthopaedic Center"
PASS /case-studies/the-orthopaedic-center 768: height 4659 / live 4659 (Δ0) overflowX 0 / live 0 errors 0 external 0 title "The Orthopaedic Center" / live "The Orthopaedic Center"
PASS /case-studies/the-orthopaedic-center 390: height 5806 / live 5806 (Δ0) overflowX 0 / live 0 errors 0 external 0 title "The Orthopaedic Center" / live "The Orthopaedic Center"
