M10load 0:0[39,0,0] 500:0[52.5,0,0] 1000:0[66.5,0,0] 1500:0[80,0,0] 2000:0[93.5,0,0] 2500:0[106.9,0,0] 3000:1[0,12.2,0] 3500:1[0,26.1,0] 4000:1[0,39.6,0] 4500:1[0,53.1,0] 5000:1[0,66.6,0] 5500:1[0,80.6,0]
M10 @768 1[0,0,0] none,none,none | 1[0,0,0] none,none,none | 1[0,0,0] none,none,none | 1[0,0,0] none,none,none | 1[0,0,0] none,none,none | 1[0,0,0] none,none,none
M10 back@1440 1[0,0,0] | 1[0,0,0] | 1[0,0,0] | 1[0,0,0] | 1[0,0,0] | 1[0,0,0] | 1[0,0,0] | 1[0,0,0] | 2[0,0,8.6] | 2[0,0,22.1]
M6resize d1440 263.8x600 hd102 im0 | 263.8x600 hd102 im0 | 263.8x600 hd102 im0 | 263.8x600 hd102 im0
M6resize to768 140.7x400 hd54.4 im1 | 140.7x400 hd54.4 im1 | 140.7x400 hd54.4 im1 | 140.7x400 hd54.4 im1
M6resize to390 390x62.4 hd49.9 im1 | 390x62.4 hd49.9 im1 | 390x62.4 hd49.9 im1 | 390x62.4 hd49.9 im1
M6resize back1440 263.8x600 hd102 im0 | 263.8x600 hd102 im0 | 263.8x600 hd102 im0 | 263.8x600 hd102 im0
M14 rest {"bg":"rgba(2, 8, 1, 0.01)","wop":1,"bop":0}
  mouseenter 0 0:rgba(39, 44, 38, 0.153)/0/1  16:rgba(39, 44, 38, 0.153)/0/1  50:rgba(98, 101, 97, 0.384)/0/1  100:rgba(178, 180, 178, 0.698)/0/1  150:rgba(231, 232, 231, 0.906)/0/1  200:rgb(255, 255, 255)/0/1  250:rgb(255, 255, 255)/0/1  300:rgb(255, 255, 255)/0/1
  mouseleave 413 0:rgb(255, 255, 255)/0/1  16:rgba(218, 219, 218, 0.855)/1/0  50:rgba(159, 162, 159, 0.624)/1/0  100:rgba(85, 89, 84, 0.325)/1/0  150:rgba(27, 32, 26, 0.098)/1/0  200:rgba(2, 8, 1, 0)/1/0  250:rgba(2, 8, 1, 0)/1/0  300:rgba(2, 8, 1, 0)/1/0
  mouseenter 830 0:rgba(2, 8, 1, 0)/1/0  16:rgba(37, 42, 36, 0.137)/0/1  50:rgba(98, 101, 97, 0.376)/0/1
  mouseleave 926 0:rgba(149, 152, 149, 0.584)/0/1  16:rgba(174, 176, 173, 0.68)/0/1  50:rgba(109, 113, 108, 0.424)/1/0  100:rgba(56, 61, 55, 0.216)/1/0
  mouseenter 1028 0:rgba(56, 61, 55, 0.216)/1/0  16:rgba(85, 89, 84, 0.33)/0/1  50:rgba(133, 136, 132, 0.518)/0/1  100:rgba(193, 195, 193, 0.757)/0/1  150:rgba(237, 237, 237, 0.93)/0/1  200:rgb(255, 255, 255)/0/1  250:rgb(255, 255, 255)/0/1  300:rgb(255, 255, 255)/0/1
  mouseleave 1446 0:rgb(255, 255, 255)/0/1  16:rgba(216, 217, 216, 0.847)/1/0  50:rgba(159, 162, 159, 0.624)/1/0  100:rgba(82, 86, 81, 0.314)/1/0  150:rgba(25, 30, 24, 0.09)/1/0  200:rgba(2, 8, 1, 0)/1/0  250:rgba(2, 8, 1, 0)/1/0  300:rgba(2, 8, 1, 0)/1/0
M17 {
  '.links-legal': 'opacity 0.2s cubic-bezier(0.215, 0.61, 0.355, 1)',
  '.footer-transp.bottom-links': 'opacity 0.2s cubic-bezier(0.215, 0.61, 0.355, 1)',
  '.bottom-links': 'opacity 0.2s cubic-bezier(0.215, 0.61, 0.355, 1)',
  '.yt-facade__play': 'transform 0.18s cubic-bezier(0.645, 0.045, 0.355, 1)',
  '.nav-link-block.cta': 'background-color 0.2s cubic-bezier(0.215, 0.61, 0.355, 1)',
  '.stats-block': 'flex-basis 0.6s cubic-bezier(0.645, 0.045, 0.355, 1)',
  '.hs-button': '0.15s linear'
}
M20 navigator mouseenter@0 0:block/1 none/1  16:block/1 none/1  33:none/1 block/1  50:none/1 block/1  100:none/1 block/1  200:none/1 block/1  300:none/1 block/1
M20 specialty mouseenter@0 0:none/1 block/1  16:none/1 block/1  33:none/1 block/1  50:none/1 block/1  100:none/1 block/1  200:none/1 block/1  300:none/1 block/1
