
== M10 events 
   0 d0=block o0=0.79 d1=none o1=0 d2=none o2=1
   10 d0=block o0=0.74 d1=none o1=0 d2=none o2=1
   29 d0=block o0=0.65 d1=none o1=0 d2=none o2=1
   45 d0=block o0=0.58 d1=none o1=0 d2=none o2=1
   62 d0=block o0=0.51 d1=none o1=0 d2=none o2=1
   77 d0=block o0=0.44 d1=none o1=0 d2=none o2=1
   95 d0=block o0=0.37 d1=none o1=0 d2=none o2=1
   111 d0=block o0=0.32 d1=none o1=0 d2=none o2=1
   129 d0=block o0=0.25 d1=none o1=0 d2=none o2=1
   146 d0=block o0=0.2 d1=none o1=0 d2=none o2=1
   162 d0=block o0=0.15 d1=none o1=0 d2=none o2=1
   177 d0=block o0=0.11 d1=none o1=0 d2=none o2=1
   196 d0=block o0=0.07 d1=none o1=0 d2=none o2=1
   211 d0=block o0=0.04 d1=none o1=0 d2=none o2=1
   228 d0=block o0=0.02 d1=none o1=0 d2=none o2=1
   244 d0=block o0=0.01 d1=none o1=0 d2=none o2=1
   263 d0=none o0=0 d1=block o1=0.01 d2=none o2=1
   279 d0=none o0=0 d1=block o1=0.1 d2=none o2=1
   295 d0=none o0=0 d1=block o1=0.18 d2=none o2=1
   310 d0=none o0=0 d1=block o1=0.26 d2=none o2=1
   329 d0=none o0=0 d1=block o1=0.35 d2=none o2=1
   344 d0=none o0=0 d1=block o1=0.42 d2=none o2=1
   360 d0=none o0=0 d1=block o1=0.49 d2=none o2=1
   379 d0=none o0=0 d1=block o1=0.56 d2=none o2=1
   396 d0=none o0=0 d1=block o1=0.63 d2=none o2=1
   412 d0=none o0=0 d1=block o1=0.69 d2=none o2=1
   427 d0=none o0=0 d1=block o1=0.74 d2=none o2=1
   444 d0=none o0=0 d1=block o1=0.79 d2=none o2=1
   462 d0=none o0=0 d1=block o1=0.85 d2=none o2=1
   479 d0=none o0=0 d1=block o1=0.89 d2=none o2=1
   494 d0=none o0=0 d1=block o1=0.92 d2=none o2=1
   512 d0=none o0=0 d1=block o1=0.96 d2=none o2=1
   528 d0=none o0=0 d1=block o1=0.98 d2=none o2=1
   544 d0=none o0=0 d1=block o1=0.99 d2=none o2=1
   562 d0=none o0=1 d1=block o1=1 d2=none o2=1
   1496 d0=none o0=1 d1=block o1=0.9 d2=none o2=0
   1511 d0=none o0=1 d1=block o1=0.82 d2=none o2=0
   1527 d0=none o0=1 d1=block o1=0.74 d2=none o2=0
   1545 d0=none o0=1 d1=block o1=0.66 d2=none o2=0
   1561 d0=none o0=1 d1=block o1=0.58 d2=none o2=0
   1577 d0=none o0=1 d1=block o1=0.52 d2=none o2=0
   1596 d0=none o0=1 d1=block o1=0.44 d2=none o2=0
   1611 d0=none o0=1 d1=block o1=0.38 d2=none o2=0
   1628 d0=none o0=1 d1=block o1=0.32 d2=none o2=0
   1646 d0=none o0=1 d1=block o1=0.25 d2=none o2=0
   1662 d0=none o0=1 d1=block o1=0.2 d2=none o2=0
   1678 d0=none o0=1 d1=block o1=0.16 d2=none o2=0
   1695 d0=none o0=1 d1=block o1=0.11 d2=none o2=0
   1712 d0=none o0=1 d1=block o1=0.07 d2=none o2=0
   1727 d0=none o0=1 d1=block o1=0.05 d2=none o2=0
   1744 d0=none o0=1 d1=block o1=0.02 d2=none o2=0
   1762 d0=none o0=1 d1=block o1=0.01 d2=none o2=0
   1778 d0=none o0=1 d1=none o1=0 d2=block o2=0
   1794 d0=none o0=1 d1=none o1=0 d2=block o2=0.09
   1811 d0=none o0=1 d1=none o1=0 d2=block o2=0.18
   1827 d0=none o0=1 d1=none o1=0 d2=block o2=0.26
   1844 d0=none o0=1 d1=none o1=0 d2=block o2=0.34
   1863 d0=none o0=1 d1=none o1=0 d2=block o2=0.42
   1879 d0=none o0=1 d1=none o1=0 d2=block o2=0.49
   1895 d0=none o0=1 d1=none o1=0 d2=block o2=0.56
   1910 d0=none o0=1 d1=none o1=0 d2=block o2=0.62
   1928 d0=none o0=1 d1=none o1=0 d2=block o2=0.68
   1946 d0=none o0=1 d1=none o1=0 d2=block o2=0.75
   1961 d0=none o0=1 d1=none o1=0 d2=block o2=0.79
   1979 d0=none o0=1 d1=none o1=0 d2=block o2=0.85
   1996 d0=none o0=1 d1=none o1=0 d2=block o2=0.89
   2012 d0=none o0=1 d1=none o1=0 d2=block o2=0.93
   2028 d0=none o0=1 d1=none o1=0 d2=block o2=0.96
   2044 d0=none o0=1 d1=none o1=0 d2=block o2=0.98
   2060 d0=none o0=1 d1=none o1=0 d2=block o2=0.99
   2077 d0=none o0=1 d1=none o1=1 d2=block o2=1
   5495 d0=none o0=0 d1=none o1=1 d2=block o2=0.9
   5510 d0=none o0=0 d1=none o1=1 d2=block o2=0.82
   5529 d0=none o0=0 d1=none o1=1 d2=block o2=0.73
   5544 d0=none o0=0 d1=none o1=1 d2=block o2=0.66
   5562 d0=none o0=0 d1=none o1=1 d2=block o2=0.58
   5577 d0=none o0=0 d1=none o1=1 d2=block o2=0.51
   5594 d0=none o0=0 d1=none o1=1 d2=block o2=0.44
   5611 d0=none o0=0 d1=none o1=1 d2=block o2=0.37
   5629 d0=none o0=0 d1=none o1=1 d2=block o2=0.31
   5645 d0=none o0=0 d1=none o1=1 d2=block o2=0.25
   5662 d0=none o0=0 d1=none o1=1 d2=block o2=0.2
   5679 d0=none o0=0 d1=none o1=1 d2=block o2=0.15
   5694 d0=none o0=0 d1=none o1=1 d2=block o2=0.11
   5711 d0=none o0=0 d1=none o1=1 d2=block o2=0.07
   5727 d0=none o0=0 d1=none o1=1 d2=block o2=0.04
   5746 d0=none o0=0 d1=none o1=1 d2=block o2=0.02
   5760 d0=none o0=0 d1=none o1=1 d2=block o2=0.01
   5779 d0=block o0=0.01 d1=none o1=1 d2=none o2=0
   5794 d0=block o0=0.09 d1=none o1=1 d2=none o2=0
   5810 d0=block o0=0.18 d1=none o1=1 d2=none o2=0
   5827 d0=block o0=0.26 d1=none o1=1 d2=none o2=0
   5845 d0=block o0=0.35 d1=none o1=1 d2=none o2=0
   5862 d0=block o0=0.43 d1=none o1=1 d2=none o2=0
   5878 d0=block o0=0.49 d1=none o1=1 d2=none o2=0
   5896 d0=block o0=0.57 d1=none o1=1 d2=none o2=0
   5910 d0=block o0=0.63 d1=none o1=1 d2=none o2=0
   5927 d0=block o0=0.68 d1=none o1=1 d2=none o2=0
   5945 d0=block o0=0.75 d1=none o1=1 d2=none o2=0
   5961 d0=block o0=0.8 d1=none o1=1 d2=none o2=0
   5978 d0=block o0=0.85 d1=none o1=1 d2=none o2=0
   5996 d0=block o0=0.89 d1=none o1=1 d2=none o2=0
   6012 d0=block o0=0.93 d1=none o1=1 d2=none o2=0
   6028 d0=block o0=0.96 d1=none o1=1 d2=none o2=0
   6044 d0=block o0=0.98 d1=none o1=1 d2=none o2=0
   6061 d0=block o0=0.99 d1=none o1=1 d2=none o2=0
   6079 d0=block o0=1 d1=none o1=1 d2=none o2=1
   9496 d0=block o0=0.9 d1=none o1=0 d2=none o2=1
   9511 d0=block o0=0.81 d1=none o1=0 d2=none o2=1
   9527 d0=block o0=0.74 d1=none o1=0 d2=none o2=1
   9544 d0=block o0=0.66 d1=none o1=0 d2=none o2=1
   9560 d0=block o0=0.59 d1=none o1=0 d2=none o2=1
   9578 d0=block o0=0.51 d1=none o1=0 d2=none o2=1
   9594 d0=block o0=0.44 d1=none o1=0 d2=none o2=1
   9612 d0=block o0=0.37 d1=none o1=0 d2=none o2=1
   9629 d0=block o0=0.31 d1=none o1=0 d2=none o2=1
   9645 d0=block o0=0.25 d1=none o1=0 d2=none o2=1
   9660 d0=block o0=0.2 d1=none o1=0 d2=none o2=1
   9679 d0=block o0=0.15 d1=none o1=0 d2=none o2=1
   9693 d0=block o0=0.11 d1=none o1=0 d2=none o2=1
   9711 d0=block o0=0.07 d1=none o1=0 d2=none o2=1
   9729 d0=block o0=0.04 d1=none o1=0 d2=none o2=1
   9745 d0=block o0=0.02 d1=none o1=0 d2=none o2=1
   9760 d0=block o0=0.01 d1=none o1=0 d2=none o2=1
   9778 d0=none o0=0 d1=block o1=0.01 d2=none o2=1
   9794 d0=none o0=0 d1=block o1=0.09 d2=none o2=1
   9811 d0=none o0=0 d1=block o1=0.19 d2=none o2=1
   9827 d0=none o0=0 d1=block o1=0.26 d2=none o2=1
   9845 d0=none o0=0 d1=block o1=0.35 d2=none o2=1
   9860 d0=none o0=0 d1=block o1=0.41 d2=none o2=1
   9878 d0=none o0=0 d1=block o1=0.5 d2=none o2=1
   9895 d0=none o0=0 d1=block o1=0.57 d2=none o2=1
   9912 d0=none o0=0 d1=block o1=0.63 d2=none o2=1
   9927 d0=none o0=0 d1=block o1=0.68 d2=none o2=1
   9945 d0=none o0=0 d1=block o1=0.75 d2=none o2=1
   9961 d0=none o0=0 d1=block o1=0.8 d2=none o2=1
   9979 d0=none o0=0 d1=block o1=0.85 d2=none o2=1
   9993 d0=none o0=0 d1=block o1=0.89 d2=none o2=1
   10010 d0=none o0=0 d1=block o1=0.92 d2=none o2=1
   10027 d0=none o0=0 d1=block o1=0.96 d2=none o2=1
   10045 d0=none o0=0 d1=block o1=0.98 d2=none o2=1
   10062 d0=none o0=0 d1=block o1=1 d2=none o2=1
   10078 d0=none o0=1 d1=block o1=1 d2=none o2=1
   10477 d0=none o0=1 d1=block o1=1 d2=none o2=1
  progress 0:0/1.05/0 250:0/7.64/0 500:0/14.39/0 750:0/21.16/0 1000:0/27.91/0 1250:0/34.66/0 1500:0/0/0.48 1750:0/0/7.17 2000:0/0/13.98 2250:0/0/20.67 2500:0/0/27.45 2750:0/0/34.23 3000:0/0/40.92 3250:0/0/47.73 3500:0/0/54.45 3750:0/0/61.17 4000:0/0/67.98 4250:0/0/74.7 4500:0/0/81.48 4750:0/0/88.23 5000:0/0/94.98 5250:0/0/101.67 5500:0.48/0/0 5750:7.25/0/0 6000:14/0/0 6250:20.73/0/0 6500:27.48/0/0 6750:34.2/0/0 7000:40.98/0/0 7250:47.7/0/0 7500:54.5/0/0 7750:61.25/0/0 8000:68/0/0 8250:74.73/0/0 8500:81.48/0/0 8750:88.23/0/0 9000:95/0/0 9250:101.73/0/0 9500:0/0.5/0 9750:0/7.25/0 10000:0/13.92/0 10250:0/20.7/0 10500:0/27/0

== M11 open/close events click@0 click@1211 click@1368
   -1072 op=0.52 disp=flex
   -1054 op=0.62 disp=flex
   -1041 op=0.68 disp=flex
   -1025 op=0.74 disp=flex
   -1007 op=0.8 disp=flex
   -990 op=0.84 disp=flex
   -975 op=0.88 disp=flex
   -957 op=0.91 disp=flex
   -942 op=0.92 disp=flex
   -925 op=0.94 disp=flex
   -909 op=0.96 disp=flex
   -892 op=0.97 disp=flex
   -875 op=0.98 disp=flex
   -842 op=0.99 disp=flex
   -791 op=1 disp=flex
   8 op=0.81 disp=flex
   25 op=0.63 disp=flex
   44 op=0.5 disp=flex
   60 op=0.39 disp=flex
   77 op=0.31 disp=flex
   93 op=0.25 disp=flex
   109 op=0.2 disp=flex
   125 op=0.16 disp=flex
   142 op=0.12 disp=flex
   159 op=0.09 disp=flex
   176 op=0.07 disp=flex
   193 op=0.06 disp=flex
   210 op=0.04 disp=flex
   227 op=0.03 disp=flex
   244 op=0.02 disp=flex
   280 op=0.01 disp=flex
   331 op=0 disp=flex
   508 op=0 disp=none
   1109 op=0.21 disp=flex
   1126 op=0.37 disp=flex
   1143 op=0.5 disp=flex
   1160 op=0.61 disp=flex
   1177 op=0.69 disp=flex
   1193 op=0.75 disp=flex
   1210 op=0.8 disp=flex
   1227 op=0.79 disp=flex
   1244 op=0.62 disp=flex
   1261 op=0.5 disp=flex
   1278 op=0.39 disp=flex
   1295 op=0.31 disp=flex
   1311 op=0.25 disp=flex
   1329 op=0.19 disp=flex
   1351 op=0.14 disp=flex
   1358 op=0.12 disp=flex
   1375 op=0.8 disp=flex
   1392 op=0.63 disp=flex
   1409 op=0.5 disp=flex
   1425 op=0.4 disp=flex
   1444 op=0.31 disp=flex
   1464 op=0.23 disp=flex
   1478 op=0.19 disp=flex
   1493 op=0.16 disp=flex
   1508 op=0.12 disp=flex
   1526 op=0.09 disp=flex
   1543 op=0.07 disp=flex
   1558 op=0.06 disp=flex
   1574 op=0.04 disp=flex
   1591 op=0.03 disp=flex
   1608 op=0.02 disp=flex
   1650 op=0.01 disp=flex
   1699 op=0 disp=flex
   1859 op=0 disp=none
   2575 op=0 disp=none

== M16 hover + close click events mouseenter@0 mouseleave@515 mouseenter@636 mouseleave@1661
   13 cbg=rgba(35, 35, 35, 0.137) cw=0.86 cb=1 op=1 disp=flex
   28 cbg=rgba(63, 63, 63, 0.247) cw=0.75 cb=1 op=1 disp=flex
   45 cbg=rgba(92, 92, 92, 0.36) cw=0.64 cb=1 op=1 disp=flex
   62 cbg=rgba(118, 118, 118, 0.463) cw=0.54 cb=1 op=1 disp=flex
   80 cbg=rgba(144, 144, 144, 0.565) cw=0.44 cb=1 op=1 disp=flex
   95 cbg=rgba(163, 163, 163, 0.64) cw=0.36 cb=1 op=1 disp=flex
   112 cbg=rgba(183, 183, 183, 0.718) cw=0.28 cb=1 op=1 disp=flex
   129 cbg=rgba(200, 200, 200, 0.784) cw=0.22 cb=1 op=1 disp=flex
   145 cbg=rgba(214, 214, 214, 0.84) cw=0.16 cb=1 op=1 disp=flex
   162 cbg=rgba(227, 227, 227, 0.89) cw=0.11 cb=1 op=1 disp=flex
   179 cbg=rgba(237, 237, 237, 0.93) cw=0.07 cb=1 op=1 disp=flex
   195 cbg=rgba(245, 245, 245, 0.96) cw=0.04 cb=1 op=1 disp=flex
   213 cbg=rgba(251, 251, 251, 0.984) cw=0.02 cb=1 op=1 disp=flex
   228 cbg=rgba(254, 254, 254, 0.996) cw=0 cb=1 op=1 disp=flex
   246 cbg=rgb(255, 255, 255) cw=0 cb=1 op=1 disp=flex
   529 cbg=rgba(255, 255, 255, 0.875) cw=0.12 cb=0.88 op=1 disp=flex
   546 cbg=rgba(255, 255, 255, 0.753) cw=0.25 cb=0.75 op=1 disp=flex
   562 cbg=rgba(255, 255, 255, 0.647) cw=0.35 cb=0.65 op=1 disp=flex
   579 cbg=rgba(255, 255, 255, 0.54) cw=0.46 cb=0.54 op=1 disp=flex
   595 cbg=rgba(255, 255, 255, 0.45) cw=0.55 cb=0.45 op=1 disp=flex
   613 cbg=rgba(255, 255, 255, 0.36) cw=0.64 cb=0.36 op=1 disp=flex
   628 cbg=rgba(255, 255, 255, 0.29) cw=0.71 cb=0.29 op=1 disp=flex
   646 cbg=rgba(255, 255, 255, 0.39) cw=0.61 cb=0.39 op=1 disp=flex
   662 cbg=rgba(255, 255, 255, 0.47) cw=0.53 cb=0.47 op=1 disp=flex
   680 cbg=rgba(255, 255, 255, 0.553) cw=0.44 cb=0.56 op=1 disp=flex
   695 cbg=rgba(255, 255, 255, 0.62) cw=0.38 cb=0.62 op=1 disp=flex
   713 cbg=rgba(255, 255, 255, 0.686) cw=0.31 cb=0.69 op=1 disp=flex
   728 cbg=rgba(255, 255, 255, 0.745) cw=0.26 cb=0.75 op=1 disp=flex
   746 cbg=rgba(255, 255, 255, 0.804) cw=0.2 cb=0.8 op=1 disp=flex
   762 cbg=rgba(255, 255, 255, 0.847) cw=0.15 cb=0.85 op=1 disp=flex
   780 cbg=rgba(255, 255, 255, 0.89) cw=0.11 cb=0.89 op=1 disp=flex
   795 cbg=rgba(255, 255, 255, 0.92) cw=0.08 cb=0.92 op=1 disp=flex
   812 cbg=rgba(255, 255, 255, 0.95) cw=0.05 cb=0.95 op=1 disp=flex
   829 cbg=rgba(255, 255, 255, 0.973) cw=0.03 cb=0.97 op=1 disp=flex
   846 cbg=rgba(255, 255, 255, 0.99) cw=0.01 cb=0.99 op=1 disp=flex
   862 cbg=rgba(255, 255, 255, 0.996) cw=0 cb=1 op=1 disp=flex
   880 cbg=rgb(255, 255, 255) cw=0 cb=1 op=1 disp=flex
   1164 cbg=rgb(255, 255, 255) cw=0 cb=1 op=0.77 disp=flex
   1181 cbg=rgb(255, 255, 255) cw=0 cb=1 op=0.61 disp=flex
   1198 cbg=rgb(255, 255, 255) cw=0 cb=1 op=0.48 disp=flex
   1215 cbg=rgb(255, 255, 255) cw=0 cb=1 op=0.39 disp=flex
   1233 cbg=rgb(255, 255, 255) cw=0 cb=1 op=0.3 disp=flex
   1250 cbg=rgb(255, 255, 255) cw=0 cb=1 op=0.24 disp=flex
   1265 cbg=rgb(255, 255, 255) cw=0 cb=1 op=0.19 disp=flex
   1281 cbg=rgb(255, 255, 255) cw=0 cb=1 op=0.15 disp=flex
   1297 cbg=rgb(255, 255, 255) cw=0 cb=1 op=0.12 disp=flex
   1313 cbg=rgb(255, 255, 255) cw=0 cb=1 op=0.09 disp=flex
   1329 cbg=rgb(255, 255, 255) cw=0 cb=1 op=0.07 disp=flex
   1346 cbg=rgb(255, 255, 255) cw=0 cb=1 op=0.06 disp=flex
   1362 cbg=rgb(255, 255, 255) cw=0 cb=1 op=0.04 disp=flex
   1378 cbg=rgb(255, 255, 255) cw=0 cb=1 op=0.03 disp=flex
   1395 cbg=rgb(255, 255, 255) cw=0 cb=1 op=0.02 disp=flex
   1432 cbg=rgb(255, 255, 255) cw=0 cb=1 op=0.01 disp=flex
   1471 cbg=rgb(255, 255, 255) cw=0 cb=1 op=0 disp=flex
   1646 cbg=rgb(255, 255, 255) cw=0 cb=1 op=0 disp=none
   1662 cbg=rgba(255, 255, 255, 0.867) cw=0.13 cb=0.87 op=0 disp=none
   1680 cbg=rgba(255, 255, 255, 0.74) cw=0.26 cb=0.74 op=0 disp=none
   1695 cbg=rgba(255, 255, 255, 0.64) cw=0.36 cb=0.64 op=0 disp=none
   1712 cbg=rgba(255, 255, 255, 0.537) cw=0.46 cb=0.54 op=0 disp=none
   1729 cbg=rgba(255, 255, 255, 0.447) cw=0.55 cb=0.45 op=0 disp=none
   1747 cbg=rgba(255, 255, 255, 0.35) cw=0.65 cb=0.35 op=0 disp=none
   1762 cbg=rgba(255, 255, 255, 0.282) cw=0.72 cb=0.28 op=0 disp=none
   1780 cbg=rgba(255, 255, 255, 0.21) cw=0.79 cb=0.21 op=0 disp=none
   1795 cbg=rgba(255, 255, 255, 0.16) cw=0.84 cb=0.16 op=0 disp=none
   1813 cbg=rgba(255, 255, 255, 0.106) cw=0.89 cb=0.11 op=0 disp=none
   1829 cbg=rgba(255, 255, 255, 0.07) cw=0.93 cb=0.07 op=0 disp=none
   1846 cbg=rgba(255, 255, 255, 0.04) cw=0.96 cb=0.04 op=0 disp=none
   1862 cbg=rgba(255, 255, 255, 0.016) cw=0.98 cb=0.02 op=0 disp=none
   1878 cbg=rgba(255, 255, 255, 0.004) cw=1 cb=0 op=0 disp=none
   1896 cbg=rgba(255, 255, 255, 0) cw=1 cb=0 op=0 disp=none
   2246 cbg=rgba(255, 255, 255, 0) cw=1 cb=0 op=0 disp=none

== M19 events 
   0 o0=0.85 v0=visible x0=0 o1=0.15 v1=visible x1=0
   14 o0=0.78 v0=visible x0=0 o1=0.22 v1=visible x1=0
   31 o0=0.68 v0=visible x0=0 o1=0.32 v1=visible x1=0
   47 o0=0.59 v0=visible x0=0 o1=0.41 v1=visible x1=0
   65 o0=0.5 v0=visible x0=0 o1=0.5 v1=visible x1=0
   80 o0=0.43 v0=visible x0=0 o1=0.57 v1=visible x1=0
   98 o0=0.35 v0=visible x0=0 o1=0.65 v1=visible x1=0
   114 o0=0.29 v0=visible x0=0 o1=0.71 v1=visible x1=0
   131 o0=0.24 v0=visible x0=0 o1=0.76 v1=visible x1=0
   147 o0=0.2 v0=visible x0=0 o1=0.8 v1=visible x1=0
   164 o0=0.16 v0=visible x0=0 o1=0.84 v1=visible x1=0
   180 o0=0.13 v0=visible x0=0 o1=0.87 v1=visible x1=0
   198 o0=0.1 v0=visible x0=0 o1=0.9 v1=visible x1=0
   213 o0=0.08 v0=visible x0=0 o1=0.92 v1=visible x1=0
   230 o0=0.06 v0=visible x0=0 o1=0.94 v1=visible x1=0
   246 o0=0.04 v0=visible x0=0 o1=0.96 v1=visible x1=0
   264 o0=0.03 v0=visible x0=0 o1=0.97 v1=visible x1=0
   281 o0=0.02 v0=visible x0=0 o1=0.98 v1=visible x1=0
   297 o0=0.01 v0=visible x0=0 o1=0.99 v1=visible x1=0
   315 o0=0 v0=visible x0=0 o1=1 v1=visible x1=0
   347 o0=1 v0=hidden x0=0 o1=1 v1=visible x1=0
   964 o0=0.03 v0=visible x0=0 o1=0.97 v1=visible x1=0
   980 o0=0.07 v0=visible x0=0 o1=0.93 v1=visible x1=0
   998 o0=0.14 v0=visible x0=0 o1=0.86 v1=visible x1=0
   1014 o0=0.22 v0=visible x0=0 o1=0.78 v1=visible x1=0
   1030 o0=0.31 v0=visible x0=0 o1=0.69 v1=visible x1=0
   1048 o0=0.41 v0=visible x0=0 o1=0.59 v1=visible x1=0
   1064 o0=0.5 v0=visible x0=0 o1=0.5 v1=visible x1=0
   1080 o0=0.57 v0=visible x0=0 o1=0.43 v1=visible x1=0
   1098 o0=0.65 v0=visible x0=0 o1=0.35 v1=visible x1=0
   1113 o0=0.7 v0=visible x0=0 o1=0.3 v1=visible x1=0
   1131 o0=0.76 v0=visible x0=0 o1=0.24 v1=visible x1=0
   1146 o0=0.8 v0=visible x0=0 o1=0.2 v1=visible x1=0
   1164 o0=0.84 v0=visible x0=0 o1=0.16 v1=visible x1=0
   1179 o0=0.82 v0=visible x0=0 o1=0.02 v1=visible x1=0
   1197 o0=0.78 v0=visible x0=0 o1=0.07 v1=visible x1=0
   1214 o0=0.73 v0=visible x0=0 o1=0.14 v1=visible x1=0
   1230 o0=0.66 v0=visible x0=0 o1=0.22 v1=visible x1=0
   1246 o0=0.58 v0=visible x0=0 o1=0.31 v1=visible x1=0
   1264 o0=0.5 v0=visible x0=0 o1=0.41 v1=visible x1=0
   1281 o0=0.42 v0=visible x0=0 o1=0.5 v1=visible x1=0
   1297 o0=0.36 v0=visible x0=0 o1=0.57 v1=visible x1=0
   1313 o0=0.3 v0=visible x0=0 o1=0.64 v1=visible x1=0
   1331 o0=0.25 v0=visible x0=0 o1=0.71 v1=visible x1=0
   1346 o0=0.21 v0=visible x0=0 o1=0.75 v1=visible x1=0
   1363 o0=0.17 v0=visible x0=0 o1=0.8 v1=visible x1=0
   1380 o0=0.14 v0=visible x0=0 o1=0.84 v1=visible x1=0
   1396 o0=0.11 v0=visible x0=0 o1=0.87 v1=visible x1=0
   1415 o0=0.08 v0=visible x0=0 o1=0.9 v1=visible x1=0
   1431 o0=0.06 v0=visible x0=0 o1=0.93 v1=visible x1=0
   1446 o0=0.05 v0=visible x0=0 o1=0.94 v1=visible x1=0
   1464 o0=0.03 v0=visible x0=0 o1=0.96 v1=visible x1=0
   1479 o0=0.02 v0=visible x0=0 o1=0.97 v1=visible x1=0
   1498 o0=0.01 v0=visible x0=0 o1=0.98 v1=visible x1=0
   1514 o0=0.01 v0=visible x0=0 o1=0.99 v1=visible x1=0
   1530 o0=0 v0=visible x0=0 o1=1 v1=visible x1=0
   1564 o0=1 v0=hidden x0=0 o1=1 v1=visible x1=0
   2765 o0=1 v0=hidden x0=0 o1=1 v1=visible x1=0

== M19_390 events 
   0 o0=0.88 v0=visible x0=0 o1=0.12 v1=visible x1=0
   4 o0=0.86 v0=visible x0=0 o1=0.14 v1=visible x1=0
   21 o0=0.78 v0=visible x0=0 o1=0.22 v1=visible x1=0
   37 o0=0.68 v0=visible x0=0 o1=0.32 v1=visible x1=0
   54 o0=0.59 v0=visible x0=0 o1=0.41 v1=visible x1=0
   70 o0=0.5 v0=visible x0=0 o1=0.5 v1=visible x1=0
   88 o0=0.42 v0=visible x0=0 o1=0.58 v1=visible x1=0
   103 o0=0.35 v0=visible x0=0 o1=0.65 v1=visible x1=0
   120 o0=0.29 v0=visible x0=0 o1=0.71 v1=visible x1=0
   137 o0=0.24 v0=visible x0=0 o1=0.76 v1=visible x1=0
   155 o0=0.2 v0=visible x0=0 o1=0.8 v1=visible x1=0
   171 o0=0.16 v0=visible x0=0 o1=0.84 v1=visible x1=0
   188 o0=0.12 v0=visible x0=0 o1=0.88 v1=visible x1=0
   203 o0=0.1 v0=visible x0=0 o1=0.9 v1=visible x1=0
   221 o0=0.07 v0=visible x0=0 o1=0.93 v1=visible x1=0
   237 o0=0.06 v0=visible x0=0 o1=0.94 v1=visible x1=0
   255 o0=0.04 v0=visible x0=0 o1=0.96 v1=visible x1=0
   270 o0=0.03 v0=visible x0=0 o1=0.97 v1=visible x1=0
   288 o0=0.02 v0=visible x0=0 o1=0.98 v1=visible x1=0
   305 o0=0.01 v0=visible x0=0 o1=0.99 v1=visible x1=0
   321 o0=0 v0=visible x0=0 o1=1 v1=visible x1=0
   354 o0=1 v0=hidden x0=0 o1=1 v1=visible x1=0
   970 o0=0.02 v0=visible x0=0 o1=0.98 v1=visible x1=0
   988 o0=0.07 v0=visible x0=0 o1=0.93 v1=visible x1=0
   1004 o0=0.13 v0=visible x0=0 o1=0.87 v1=visible x1=0
   1021 o0=0.22 v0=visible x0=0 o1=0.78 v1=visible x1=0
   1037 o0=0.31 v0=visible x0=0 o1=0.69 v1=visible x1=0
   1053 o0=0.4 v0=visible x0=0 o1=0.6 v1=visible x1=0
   1071 o0=0.5 v0=visible x0=0 o1=0.5 v1=visible x1=0
   1088 o0=0.58 v0=visible x0=0 o1=0.42 v1=visible x1=0
   1105 o0=0.65 v0=visible x0=0 o1=0.35 v1=visible x1=0
   1121 o0=0.7 v0=visible x0=0 o1=0.3 v1=visible x1=0
   1137 o0=0.75 v0=visible x0=0 o1=0.25 v1=visible x1=0
   1154 o0=0.8 v0=visible x0=0 o1=0.2 v1=visible x1=0
   1169 o0=0.84 v0=visible x0=0 o1=0.16 v1=visible x1=0
   1187 o0=0.81 v0=visible x0=0 o1=0.03 v1=visible x1=0
   1205 o0=0.77 v0=visible x0=0 o1=0.08 v1=visible x1=0
   1220 o0=0.72 v0=visible x0=0 o1=0.14 v1=visible x1=0
   1237 o0=0.65 v0=visible x0=0 o1=0.23 v1=visible x1=0
   1254 o0=0.57 v0=visible x0=0 o1=0.32 v1=visible x1=0
   1271 o0=0.49 v0=visible x0=0 o1=0.42 v1=visible x1=0
   1288 o0=0.42 v0=visible x0=0 o1=0.5 v1=visible x1=0
   1304 o0=0.35 v0=visible x0=0 o1=0.58 v1=visible x1=0
   1321 o0=0.29 v0=visible x0=0 o1=0.65 v1=visible x1=0
   1337 o0=0.24 v0=visible x0=0 o1=0.71 v1=visible x1=0
   1355 o0=0.2 v0=visible x0=0 o1=0.76 v1=visible x1=0
   1371 o0=0.16 v0=visible x0=0 o1=0.81 v1=visible x1=0
   1388 o0=0.13 v0=visible x0=0 o1=0.85 v1=visible x1=0
   1405 o0=0.1 v0=visible x0=0 o1=0.88 v1=visible x1=0
   1421 o0=0.08 v0=visible x0=0 o1=0.9 v1=visible x1=0
   1437 o0=0.06 v0=visible x0=0 o1=0.93 v1=visible x1=0
   1453 o0=0.05 v0=visible x0=0 o1=0.94 v1=visible x1=0
   1470 o0=0.03 v0=visible x0=0 o1=0.96 v1=visible x1=0
   1488 o0=0.02 v0=visible x0=0 o1=0.97 v1=visible x1=0
   1503 o0=0.01 v0=visible x0=0 o1=0.98 v1=visible x1=0
   1520 o0=0.01 v0=visible x0=0 o1=0.99 v1=visible x1=0
   1537 o0=0 v0=visible x0=0 o1=1 v1=visible x1=0
   1572 o0=1 v0=hidden x0=0 o1=1 v1=visible x1=0
   2771 o0=1 v0=hidden x0=0 o1=1 v1=visible x1=0
