
== M6_768 load (t rel. first sample) events 
   98 w0=140.66 w1=140.66 w2=140.66 w3=140.66 hd0=54.39 hd1=54.39 hd2=54.39 hd3=54.39 im0=1 im1=1 im2=1 im3=1
   138 w0=170.11 w1=130.84 w2=130.84 w3=130.84 hd0=43.47 hd1=54.39 hd2=54.39 hd3=54.39 im0=1 im1=0.72 im2=0.72 im3=0.72
   170 w0=186.72 w1=125.31 w2=125.31 w3=125.31 hd0=37.83 hd1=54.39 hd2=54.39 hd3=54.39 im0=1 im1=0.57 im2=0.57 im3=0.57
   186 w0=197.34 w1=121.77 w2=121.77 w3=121.77 hd0=34.35 hd1=54.39 hd2=54.39 hd3=54.39 im0=1 im1=0.48 im2=0.48 im3=0.48
   204 w0=210.02 w1=117.55 w2=117.55 w3=117.55 hd0=30.43 hd1=54.39 hd2=54.39 hd3=54.39 im0=1 im1=0.38 im2=0.38 im3=0.38
   220 w0=223 w1=113.22 w2=113.22 w3=113.22 hd0=26.61 hd1=54.39 hd2=54.39 hd3=54.39 im0=1 im1=0.28 im2=0.28 im3=0.28
   236 w0=234.28 w1=109.45 w2=109.45 w3=109.45 hd0=23.5 hd1=54.39 hd2=54.39 hd3=54.39 im0=1 im1=0.21 im2=0.21 im3=0.21
   254 w0=245.3 w1=105.78 w2=105.78 w3=105.78 hd0=20.64 hd1=54.39 hd2=54.39 hd3=54.39 im0=1 im1=0.14 im2=0.14 im3=0.14
   271 w0=257.31 w1=101.78 w2=101.78 w3=101.78 hd0=17.71 hd1=54.39 hd2=54.39 hd3=54.39 im0=1 im1=0.07 im2=0.07 im3=0.07
   286 w0=268.33 w1=98.11 w2=98.11 w3=98.11 hd0=15.21 hd1=54.39 hd2=54.39 hd3=54.39 im0=1 im1=0.03 im2=0.03 im3=0.03
   303 w0=277.8 w1=94.95 w2=94.95 w3=94.95 hd0=13.22 hd1=54.39 hd2=54.39 hd3=54.39 im0=1 im1=0.01 im2=0.01 im3=0.01
   321 w0=288.19 w1=91.48 w2=91.48 w3=91.48 hd0=11.17 hd1=54.39 hd2=54.39 hd3=54.39 im0=1 im1=0 im2=0 im3=0
   337 w0=298.22 w1=88.14 w2=88.14 w3=88.14 hd0=9.35 hd1=54.39 hd2=54.39 hd3=54.39 im0=1 im1=0 im2=0 im3=0
   353 w0=307.33 w1=85.11 w2=85.11 w3=85.11 hd0=7.83 hd1=54.39 hd2=54.39 hd3=54.39 im0=1 im1=0 im2=0 im3=0
   370 w0=316.16 w1=82.16 w2=82.16 w3=82.16 hd0=6.48 hd1=54.39 hd2=54.39 hd3=54.39 im0=1 im1=0 im2=0 im3=0
   387 w0=325.61 w1=79.02 w2=79.02 w3=79.02 hd0=5.16 hd1=54.39 hd2=54.39 hd3=54.39 im0=1 im1=0 im2=0 im3=0
   402 w0=334.14 w1=76.17 w2=76.17 w3=76.17 hd0=4.09 hd1=54.39 hd2=54.39 hd3=54.39 im0=1 im1=0 im2=0 im3=0
   421 w0=341.31 w1=73.78 w2=73.78 w3=73.78 hd0=3.28 hd1=54.39 hd2=54.39 hd3=54.39 im0=1 im1=0 im2=0 im3=0
   437 w0=349.45 w1=71.06 w2=71.06 w3=71.06 hd0=2.45 hd1=54.39 hd2=54.39 hd3=54.39 im0=1 im1=0 im2=0 im3=0
   452 w0=356.64 w1=68.67 w2=68.67 w3=68.67 hd0=1.82 hd1=54.39 hd2=54.39 hd3=54.39 im0=1 im1=0 im2=0 im3=0
   469 w0=362.58 w1=66.69 w2=66.69 w3=66.69 hd0=1.35 hd1=54.39 hd2=54.39 hd3=54.39 im0=1 im1=0 im2=0 im3=0
   487 w0=368.78 w1=64.63 w2=64.63 w3=64.63 hd0=0.93 hd1=54.39 hd2=54.39 hd3=54.39 im0=1 im1=0 im2=0 im3=0
   504 w0=374.73 w1=62.64 w2=62.64 w3=62.64 hd0=0.6 hd1=54.39 hd2=54.39 hd3=54.39 im0=1 im1=0 im2=0 im3=0
   519 w0=379.45 w1=61.06 w2=61.06 w3=61.06 hd0=0.37 hd1=54.39 hd2=54.39 hd3=54.39 im0=1 im1=0 im2=0 im3=0
   537 w0=383.63 w1=59.67 w2=59.67 w3=59.67 hd0=0.21 hd1=54.39 hd2=54.39 hd3=54.39 im0=1 im1=0 im2=0 im3=0
   552 w0=387.53 w1=58.38 w2=58.38 w3=58.38 hd0=0.1 hd1=54.39 hd2=54.39 hd3=54.39 im0=1 im1=0 im2=0 im3=0
   571 w0=390.14 w1=57.5 w2=57.5 w3=57.5 hd0=0.04 hd1=54.39 hd2=54.39 hd3=54.39 im0=1 im1=0 im2=0 im3=0
   587 w0=392.52 w1=56.7 w2=56.7 w3=56.7 hd0=0.01 hd1=54.39 hd2=54.39 hd3=54.39 im0=1 im1=0 im2=0 im3=0
   604 w0=393.61 w1=56.34 w2=56.34 w3=56.34 hd0=0 hd1=54.39 hd2=54.39 hd3=54.39 im0=1 im1=0 im2=0 im3=0
   621 w0=393.86 w1=56.27 w2=56.27 w3=56.27 hd0=0 hd1=54.39 hd2=54.39 hd3=54.39 im0=1 im1=0 im2=0 im3=0
   2553 w0=393.86 w1=56.27 w2=56.27 w3=56.27 hd0=0 hd1=54.39 hd2=54.39 hd3=54.39 im0=1 im1=0 im2=0 im3=0

== M6_768 clicks events mouseenter@0 mouseleave@1614 mouseenter@1614 mouseleave@2477 mouseenter@2477
   3 w0=376.06 w1=56.27 w2=74.05 w3=56.27 hd0=12.04 hd1=54.39 hd2=49.33 hd3=54.39 im0=0.87 im1=0 im2=0.13 im3=0
   39 w0=336.58 w1=56.27 w2=113.55 w3=56.27 hd0=32.79 hd1=54.39 hd2=38.86 hd3=54.39 im0=0.6 im1=0 im2=0.4 im3=0
   54 w0=322.3 w1=56.27 w2=127.83 w3=56.27 hd0=38.4 hd1=54.39 hd2=35.32 hd3=54.39 im0=0.51 im1=0 im2=0.49 im3=0
   70 w0=305.34 w1=56.27 w2=144.77 w3=56.27 hd0=43.78 hd1=54.39 hd2=31.33 hd3=54.39 im0=0.41 im1=0 im2=0.59 im3=0
   87 w0=289.81 w1=56.27 w2=160.31 w3=56.27 hd0=47.59 hd1=54.39 hd2=27.85 hd3=54.39 im0=0.32 im1=0 im2=0.68 im3=0
   102 w0=274.61 w1=56.27 w2=175.52 w3=56.27 hd0=50.36 hd1=54.39 hd2=24.64 hd3=54.39 im0=0.23 im1=0 im2=0.77 im3=0
   120 w0=258 w1=56.27 w2=192.13 w3=56.27 hd0=52.44 hd1=54.39 hd2=21.33 hd3=54.39 im0=0.15 im1=0 im2=0.85 im3=0
   137 w0=243.63 w1=56.27 w2=206.5 w3=56.27 hd0=53.54 hd1=54.39 hd2=18.66 hd3=54.39 im0=0.09 im1=0 im2=0.91 im3=0
   153 w0=229.63 w1=56.27 w2=220.5 w3=56.27 hd0=54.12 hd1=54.39 hd2=16.21 hd3=54.39 im0=0.05 im1=0 im2=0.95 im3=0
   170 w0=214.34 w1=56.27 w2=235.77 w3=56.27 hd0=54.36 hd1=54.39 hd2=13.73 hd3=54.39 im0=0.01 im1=0 im2=0.99 im3=0
   186 w0=202.02 w1=56.27 w2=248.11 w3=56.27 hd0=54.39 hd1=54.39 hd2=11.87 hd3=54.39 im0=0 im1=0 im2=1 im3=0
   204 w0=187.69 w1=56.27 w2=262.44 w3=56.27 hd0=54.39 hd1=54.39 hd2=9.86 hd3=54.39 im0=0 im1=0 im2=1 im3=0
   220 w0=174.64 w1=56.27 w2=275.48 w3=56.27 hd0=54.39 hd1=54.39 hd2=8.19 hd3=54.39 im0=0 im1=0 im2=1 im3=0
   237 w0=162.78 w1=56.27 w2=287.33 w3=56.27 hd0=54.39 hd1=54.39 hd2=6.8 hd3=54.39 im0=0 im1=0 im2=1 im3=0
   253 w0=151.39 w1=56.27 w2=298.73 w3=56.27 hd0=54.39 hd1=54.39 hd2=5.58 hd3=54.39 im0=0 im1=0 im2=1 im3=0
   269 w0=140.5 w1=56.27 w2=309.63 w3=56.27 hd0=54.39 hd1=54.39 hd2=4.51 hd3=54.39 im0=0 im1=0 im2=1 im3=0
   286 w0=128.84 w1=56.27 w2=321.28 w3=56.27 hd0=54.39 hd1=54.39 hd2=3.48 hd3=54.39 im0=0 im1=0 im2=1 im3=0
   302 w0=119.02 w1=56.27 w2=331.11 w3=56.27 hd0=54.39 hd1=54.39 hd2=2.71 hd3=54.39 im0=0 im1=0 im2=1 im3=0
   319 w0=109.73 w1=56.27 w2=340.38 w3=56.27 hd0=54.39 hd1=54.39 hd2=2.06 hd3=54.39 im0=0 im1=0 im2=1 im3=0
   337 w0=100.05 w1=56.27 w2=350.08 w3=56.27 hd0=54.39 hd1=54.39 hd2=1.47 hd3=54.39 im0=0 im1=0 im2=1 im3=0
   353 w0=92.08 w1=56.27 w2=358.05 w3=56.27 hd0=54.39 hd1=54.39 hd2=1.05 hd3=54.39 im0=0 im1=0 im2=1 im3=0
   370 w0=84.3 w1=56.27 w2=365.83 w3=56.27 hd0=54.39 hd1=54.39 hd2=0.7 hd3=54.39 im0=0 im1=0 im2=1 im3=0
   386 w0=77.75 w1=56.27 w2=372.38 w3=56.27 hd0=54.39 hd1=54.39 hd2=0.45 hd3=54.39 im0=0 im1=0 im2=1 im3=0
   402 w0=71.92 w1=56.27 w2=378.2 w3=56.27 hd0=54.39 hd1=54.39 hd2=0.27 hd3=54.39 im0=0 im1=0 im2=1 im3=0
   419 w0=66.58 w1=56.27 w2=383.53 w3=56.27 hd0=54.39 hd1=54.39 hd2=0.14 hd3=54.39 im0=0 im1=0 im2=1 im3=0
   436 w0=62.28 w1=56.27 w2=387.84 w3=56.27 hd0=54.39 hd1=54.39 hd2=0.06 hd3=54.39 im0=0 im1=0 im2=1 im3=0
   452 w0=59.22 w1=56.27 w2=390.89 w3=56.27 hd0=54.39 hd1=54.39 hd2=0.02 hd3=54.39 im0=0 im1=0 im2=1 im3=0
   469 w0=57.02 w1=56.27 w2=393.11 w3=56.27 hd0=54.39 hd1=54.39 hd2=0 hd3=54.39 im0=0 im1=0 im2=1 im3=0
   486 w0=56.28 w1=56.27 w2=393.84 w3=56.27 hd0=54.39 hd1=54.39 hd2=0 hd3=54.39 im0=0 im1=0 im2=1 im3=0
   503 w0=56.27 w1=56.27 w2=393.86 w3=56.27 hd0=54.39 hd1=54.39 hd2=0 hd3=54.39 im0=0 im1=0 im2=1 im3=0
   1654 w0=56.27 w1=77.31 w2=372.81 w3=56.27 hd0=54.39 hd1=48.42 hd2=14.08 hd3=54.39 im0=0 im1=0.15 im2=0.85 im3=0
   1670 w0=56.27 w1=96.59 w2=353.53 w3=56.27 hd0=54.39 hd1=43.19 hd2=24.95 hd3=54.39 im0=0 im1=0.29 im2=0.71 im3=0
   1686 w0=56.27 w1=114.58 w2=335.55 w3=56.27 hd0=54.39 hd1=38.6 hd2=33.23 hd3=54.39 im0=0 im1=0.41 im2=0.59 im3=0
   1703 w0=56.27 w1=130.84 w2=319.28 w3=56.27 hd0=54.39 hd1=34.6 hd2=39.45 hd3=54.39 im0=0 im1=0.51 im2=0.49 im3=0
   1719 w0=56.27 w1=146.75 w2=303.38 w3=56.27 hd0=54.39 hd1=30.88 hd2=44.32 hd3=54.39 im0=0 im1=0.61 im2=0.39 im3=0
   1736 w0=56.27 w1=163.19 w2=286.94 w3=56.27 hd0=54.39 hd1=27.23 hd2=48.19 hd3=54.39 im0=0 im1=0.7 im2=0.3 im3=0
   1753 w0=56.27 w1=179.25 w2=270.88 w3=56.27 hd0=54.39 hd1=23.88 hd2=50.91 hd3=54.39 im0=0 im1=0.79 im2=0.22 im3=0
   1769 w0=56.27 w1=194.88 w2=255.25 w3=56.27 hd0=54.39 hd1=20.81 hd2=52.69 hd3=54.39 im0=0 im1=0.86 im2=0.14 im3=0
   1786 w0=56.27 w1=208.27 w2=241.86 w3=56.27 hd0=54.39 hd1=18.34 hd2=53.64 hd3=54.39 im0=0 im1=0.91 im2=0.09 im3=0
   1802 w0=56.27 w1=223.92 w2=226.2 w3=56.27 hd0=54.39 hd1=15.64 hd2=54.21 hd3=54.39 im0=0 im1=0.96 im2=0.04 im3=0
   1819 w0=56.27 w1=237.45 w2=212.67 w3=56.27 hd0=54.39 hd1=13.47 hd2=54.37 hd3=54.39 im0=0 im1=0.99 im2=0.01 im3=0
   1837 w0=56.27 w1=251.34 w2=198.78 w3=56.27 hd0=54.39 hd1=11.4 hd2=54.39 hd3=54.39 im0=0 im1=1 im2=0 im3=0
   1852 w0=56.27 w1=264.78 w2=185.34 w3=56.27 hd0=54.39 hd1=9.55 hd2=54.39 hd3=54.39 im0=0 im1=1 im2=0 im3=0
   1870 w0=56.27 w1=276.25 w2=173.88 w3=56.27 hd0=54.39 hd1=8.1 hd2=54.39 hd3=54.39 im0=0 im1=1 im2=0 im3=0
   1886 w0=56.27 w1=289.52 w2=160.61 w3=56.27 hd0=54.39 hd1=6.56 hd2=54.39 hd3=54.39 im0=0 im1=1 im2=0 im3=0
   1903 w0=56.27 w1=301.48 w2=148.63 w3=56.27 hd0=54.39 hd1=5.29 hd2=54.39 hd3=54.39 im0=0 im1=1 im2=0 im3=0
   1920 w0=56.27 w1=312.27 w2=137.84 w3=56.27 hd0=54.39 hd1=4.26 hd2=54.39 hd3=54.39 im0=0 im1=1 im2=0 im3=0
   1937 w0=56.27 w1=323.81 w2=126.31 w3=56.27 hd0=54.39 hd1=3.28 hd2=54.39 hd3=54.39 im0=0 im1=1 im2=0 im3=0
   1954 w0=56.27 w1=334.06 w2=116.06 w3=56.27 hd0=54.39 hd1=2.5 hd2=54.39 hd3=54.39 im0=0 im1=1 im2=0 im3=0
   1968 w0=56.27 w1=343.14 w2=106.98 w3=56.27 hd0=54.39 hd1=1.88 hd2=54.39 hd3=54.39 im0=0 im1=1 im2=0 im3=0
   1987 w0=56.27 w1=351.13 w2=99 w3=56.27 hd0=54.39 hd1=1.41 hd2=54.39 hd3=54.39 im0=0 im1=1 im2=0 im3=0
   2004 w0=56.27 w1=360.42 w2=89.7 w3=56.27 hd0=54.39 hd1=0.93 hd2=54.39 hd3=54.39 im0=0 im1=1 im2=0 im3=0
   2020 w0=56.27 w1=367.52 w2=82.61 w3=56.27 hd0=54.39 hd1=0.63 hd2=54.39 hd3=54.39 im0=0 im1=1 im2=0 im3=0
   2035 w0=56.27 w1=373.92 w2=76.2 w3=56.27 hd0=54.39 hd1=0.4 hd2=54.39 hd3=54.39 im0=0 im1=1 im2=0 im3=0
   2054 w0=56.27 w1=379.55 w2=70.58 w3=56.27 hd0=54.39 hd1=0.23 hd2=54.39 hd3=54.39 im0=0 im1=1 im2=0 im3=0
   2070 w0=56.27 w1=384.89 w2=65.23 w3=56.27 hd0=54.39 hd1=0.11 hd2=54.39 hd3=54.39 im0=0 im1=1 im2=0 im3=0
   2086 w0=56.27 w1=388.89 w2=61.22 w3=56.27 hd0=54.39 hd1=0.04 hd2=54.39 hd3=54.39 im0=0 im1=1 im2=0 im3=0
   2103 w0=56.27 w1=391.53 w2=58.59 w3=56.27 hd0=54.39 hd1=0.01 hd2=54.39 hd3=54.39 im0=0 im1=1 im2=0 im3=0
   2120 w0=56.27 w1=393.31 w2=56.8 w3=56.27 hd0=54.39 hd1=0 hd2=54.39 hd3=54.39 im0=0 im1=1 im2=0 im3=0
   2137 w0=56.27 w1=393.86 w2=56.27 w3=56.27 hd0=54.39 hd1=0 hd2=54.39 hd3=54.39 im0=0 im1=1 im2=0 im3=0
   2503 w0=56.27 w1=376.06 w2=56.27 w3=74.05 hd0=54.39 hd1=12.04 hd2=54.39 hd3=49.33 im0=0 im1=0.87 im2=0 im3=0.13
   2520 w0=56.27 w1=357.81 w2=56.27 w3=92.31 hd0=54.39 hd1=22.73 hd2=54.39 hd3=44.32 im0=0 im1=0.74 im2=0 im3=0.26
   2535 w0=56.27 w1=339.67 w2=56.27 w3=110.45 hd0=54.39 hd1=31.44 hd2=54.39 hd3=39.65 im0=0 im1=0.62 im2=0 im3=0.38
   2552 w0=56.27 w1=324.33 w2=56.27 w3=125.8 hd0=54.39 hd1=37.66 hd2=54.39 hd3=35.82 im0=0 im1=0.52 im2=0 im3=0.48
   2569 w0=56.27 w1=307.33 w2=56.27 w3=142.8 hd0=54.39 hd1=43.22 hd2=54.39 hd3=31.78 im0=0 im1=0.42 im2=0 im3=0.58
   2587 w0=56.27 w1=290.77 w2=56.27 w3=159.36 hd0=54.39 hd1=47.39 hd2=54.39 hd3=28.06 im0=0 im1=0.32 im2=0 im3=0.68
   2603 w0=56.27 w1=273.66 w2=56.27 w3=176.47 hd0=54.39 hd1=50.5 hd2=54.39 hd3=24.45 im0=0 im1=0.23 im2=0 im3=0.77
   2619 w0=56.27 w1=259.83 w2=56.27 w3=190.3 hd0=54.39 hd1=52.25 hd2=54.39 hd3=21.68 im0=0 im1=0.16 im2=0 im3=0.84
   2635 w0=56.27 w1=244.52 w2=56.27 w3=205.61 hd0=54.39 hd1=53.49 hd2=54.39 hd3=18.82 im0=0 im1=0.1 im2=0 im3=0.9
   2653 w0=56.27 w1=230.48 w2=56.27 w3=219.64 hd0=54.39 hd1=54.1 hd2=54.39 hd3=16.36 im0=0 im1=0.05 im2=0 im3=0.95
   2669 w0=56.27 w1=216.03 w2=56.27 w3=234.09 hd0=54.39 hd1=54.35 hd2=54.39 hd3=13.99 im0=0 im1=0.01 im2=0 im3=0.99
   2686 w0=56.27 w1=202.83 w2=56.27 w3=247.3 hd0=54.39 hd1=54.39 hd2=54.39 hd3=11.98 im0=0 im1=0 im2=0 im3=1
   2702 w0=56.27 w1=188.45 w2=56.27 w3=261.66 hd0=54.39 hd1=54.39 hd2=54.39 hd3=9.97 im0=0 im1=0 im2=0 im3=1
   2720 w0=56.27 w1=176.14 w2=56.27 w3=273.97 hd0=54.39 hd1=54.39 hd2=54.39 hd3=8.38 im0=0 im1=0 im2=0 im3=1
   2735 w0=56.27 w1=162.78 w2=56.27 w3=287.33 hd0=54.39 hd1=54.39 hd2=54.39 hd3=6.8 im0=0 im1=0 im2=0 im3=1
   2754 w0=56.27 w1=152.08 w2=56.27 w3=298.05 hd0=54.39 hd1=54.39 hd2=54.39 hd3=5.65 im0=0 im1=0 im2=0 im3=1
   2769 w0=56.27 w1=139.16 w2=56.27 w3=310.97 hd0=54.39 hd1=54.39 hd2=54.39 hd3=4.39 im0=0 im1=0 im2=0 im3=1
   2787 w0=56.27 w1=129.47 w2=56.27 w3=320.64 hd0=54.39 hd1=54.39 hd2=54.39 hd3=3.53 im0=0 im1=0 im2=0 im3=1
   2804 w0=56.27 w1=118.42 w2=56.27 w3=331.69 hd0=54.39 hd1=54.39 hd2=54.39 hd3=2.67 im0=0 im1=0 im2=0 im3=1
   2820 w0=56.27 w1=109.17 w2=56.27 w3=340.95 hd0=54.39 hd1=54.39 hd2=54.39 hd3=2.03 im0=0 im1=0 im2=0 im3=1
   2836 w0=56.27 w1=100.05 w2=56.27 w3=350.08 hd0=54.39 hd1=54.39 hd2=54.39 hd3=1.47 im0=0 im1=0 im2=0 im3=1
   2854 w0=56.27 w1=92.08 w2=56.27 w3=358.05 hd0=54.39 hd1=54.39 hd2=54.39 hd3=1.05 im0=0 im1=0 im2=0 im3=1
   2870 w0=56.27 w1=83.88 w2=56.27 w3=366.25 hd0=54.39 hd1=54.39 hd2=54.39 hd3=0.68 im0=0 im1=0 im2=0 im3=1
   2887 w0=56.27 w1=77.34 w2=56.27 w3=372.77 hd0=54.39 hd1=54.39 hd2=54.39 hd3=0.44 im0=0 im1=0 im2=0 im3=1
   2903 w0=56.27 w1=71.25 w2=56.27 w3=378.88 hd0=54.39 hd1=54.39 hd2=54.39 hd3=0.25 im0=0 im1=0 im2=0 im3=1
   2919 w0=56.27 w1=66.31 w2=56.27 w3=383.81 hd0=54.39 hd1=54.39 hd2=54.39 hd3=0.13 im0=0 im1=0 im2=0 im3=1
   2936 w0=56.27 w1=62.28 w2=56.27 w3=387.84 hd0=54.39 hd1=54.39 hd2=54.39 hd3=0.06 im0=0 im1=0 im2=0 im3=1
   2953 w0=56.27 w1=59.06 w2=56.27 w3=391.06 hd0=54.39 hd1=54.39 hd2=54.39 hd3=0.02 im0=0 im1=0 im2=0 im3=1
   2969 w0=56.27 w1=57.09 w2=56.27 w3=393.03 hd0=54.39 hd1=54.39 hd2=54.39 hd3=0 im0=0 im1=0 im2=0 im3=1
   2987 w0=56.27 w1=56.28 w2=56.27 w3=393.84 hd0=54.39 hd1=54.39 hd2=54.39 hd3=0 im0=0 im1=0 im2=0 im3=1
   3002 w0=56.27 w1=56.27 w2=56.27 w3=393.86 hd0=54.39 hd1=54.39 hd2=54.39 hd3=0 im0=0 im1=0 im2=0 im3=1
   3370 w0=56.27 w1=56.27 w2=56.27 w3=393.86 hd0=54.39 hd1=54.39 hd2=54.39 hd3=0 im0=0 im1=0 im2=0 im3=1

== M6_390 load (t rel. first sample) events 
   89 h0=62.39 h1=62.39 h2=62.39 h3=62.39 hd0=49.92 hd1=49.92 hd2=49.92 hd3=49.92 im0=1 im1=1 im2=1 im3=1
   122 h0=81 h1=62.38 h2=62.38 h3=62.38 hd0=41.73 hd1=49.92 hd2=49.92 hd3=49.92 im0=1 im1=0.77 im2=0.77 im3=0.77
   156 h0=95 h1=62.38 h2=62.38 h3=62.38 hd0=36.15 hd1=49.92 hd2=49.92 hd3=49.92 im0=1 im1=0.62 im2=0.62 im3=0.62
   172 h0=104 h1=62.38 h2=62.38 h3=62.38 hd0=32.42 hd1=49.92 hd2=49.92 hd3=49.92 im0=1 im1=0.51 im2=0.51 im3=0.51
   189 h0=114 h1=62.38 h2=62.38 h3=62.38 hd0=28.96 hd1=49.92 hd2=49.92 hd3=49.92 im0=1 im1=0.41 im2=0.41 im3=0.41
   206 h0=123 h1=62.38 h2=62.38 h3=62.38 hd0=25.56 hd1=49.92 hd2=49.92 hd3=49.92 im0=1 im1=0.32 im2=0.32 im3=0.32
   221 h0=133 h1=62.38 h2=62.38 h3=62.38 hd0=22.44 hd1=49.92 hd2=49.92 hd3=49.92 im0=1 im1=0.23 im2=0.23 im3=0.23
   239 h0=141 h1=62.38 h2=62.38 h3=62.38 hd0=19.9 hd1=49.92 hd2=49.92 hd3=49.92 im0=1 im1=0.16 im2=0.16 im3=0.16
   255 h0=150 h1=62.38 h2=62.38 h3=62.38 hd0=17.12 hd1=49.92 hd2=49.92 hd3=49.92 im0=1 im1=0.09 im2=0.09 im3=0.09
   273 h0=159 h1=62.38 h2=62.38 h3=62.38 hd0=14.88 hd1=49.92 hd2=49.92 hd3=49.92 im0=1 im1=0.05 im2=0.05 im3=0.05
   289 h0=167 h1=62.38 h2=62.38 h3=62.38 hd0=12.72 hd1=49.92 hd2=49.92 hd3=49.92 im0=1 im1=0.01 im2=0.01 im3=0.01
   306 h0=175 h1=62.38 h2=62.38 h3=62.38 hd0=10.78 hd1=49.92 hd2=49.92 hd3=49.92 im0=1 im1=0 im2=0 im3=0
   321 h0=183 h1=62.38 h2=62.38 h3=62.38 hd0=9.05 hd1=49.92 hd2=49.92 hd3=49.92 im0=1 im1=0 im2=0 im3=0
   339 h0=190 h1=62.38 h2=62.38 h3=62.38 hd0=7.69 hd1=49.92 hd2=49.92 hd3=49.92 im0=1 im1=0 im2=0 im3=0
   355 h0=198 h1=62.38 h2=62.38 h3=62.38 hd0=6.24 hd1=49.92 hd2=49.92 hd3=49.92 im0=1 im1=0 im2=0 im3=0
   372 h0=204 h1=62.38 h2=62.38 h3=62.38 hd0=5.12 hd1=49.92 hd2=49.92 hd3=49.92 im0=1 im1=0 im2=0 im3=0
   388 h0=211 h1=62.38 h2=62.38 h3=62.38 hd0=4.08 hd1=49.92 hd2=49.92 hd3=49.92 im0=1 im1=0 im2=0 im3=0
   405 h0=217 h1=62.38 h2=62.38 h3=62.38 hd0=3.24 hd1=49.92 hd2=49.92 hd3=49.92 im0=1 im1=0 im2=0 im3=0
   423 h0=223 h1=62.38 h2=62.38 h3=62.38 hd0=2.53 hd1=49.92 hd2=49.92 hd3=49.92 im0=1 im1=0 im2=0 im3=0
   439 h0=229 h1=62.38 h2=62.38 h3=62.38 hd0=1.86 hd1=49.92 hd2=49.92 hd3=49.92 im0=1 im1=0 im2=0 im3=0
   455 h0=234 h1=62.38 h2=62.38 h3=62.38 hd0=1.35 hd1=49.92 hd2=49.92 hd3=49.92 im0=1 im1=0 im2=0 im3=0
   472 h0=239 h1=62.38 h2=62.38 h3=62.38 hd0=0.96 hd1=49.92 hd2=49.92 hd3=49.92 im0=1 im1=0 im2=0 im3=0
   489 h0=244 h1=62.38 h2=62.38 h3=62.38 hd0=0.64 hd1=49.92 hd2=49.92 hd3=49.92 im0=1 im1=0 im2=0 im3=0
   505 h0=248 h1=62.38 h2=62.38 h3=62.38 hd0=0.4 hd1=49.92 hd2=49.92 hd3=49.92 im0=1 im1=0 im2=0 im3=0
   522 h0=251 h1=62.38 h2=62.38 h3=62.38 hd0=0.24 hd1=49.92 hd2=49.92 hd3=49.92 im0=1 im1=0 im2=0 im3=0
   538 h0=254 h1=62.38 h2=62.38 h3=62.38 hd0=0.12 hd1=49.92 hd2=49.92 hd3=49.92 im0=1 im1=0 im2=0 im3=0
   556 h0=256 h1=62.38 h2=62.38 h3=62.38 hd0=0.06 hd1=49.92 hd2=49.92 hd3=49.92 im0=1 im1=0 im2=0 im3=0
   573 h0=258 h1=62.38 h2=62.38 h3=62.38 hd0=0.01 hd1=49.92 hd2=49.92 hd3=49.92 im0=1 im1=0 im2=0 im3=0
   589 h0=260 h1=62.38 h2=62.38 h3=62.38 hd0=0 hd1=49.92 hd2=49.92 hd3=49.92 im0=1 im1=0 im2=0 im3=0
   623 h0=260 h1=62.39 h2=62.39 h3=62.39 hd0=0 hd1=49.92 hd2=49.92 hd3=49.92 im0=1 im1=0 im2=0 im3=0
   2539 h0=260 h1=62.39 h2=62.39 h3=62.39 hd0=0 hd1=49.92 hd2=49.92 hd3=49.92 im0=1 im1=0 im2=0 im3=0

== M6_390 clicks events mouseenter@0 mouseleave@912 mouseenter@912 mouseleave@1779 mouseenter@1779
   14 h0=249.58 h1=62.38 h2=73 h3=62.38 hd0=11.05 hd1=49.92 hd2=45.28 hd3=49.92 im0=0.87 im1=0 im2=0.13 im3=0
   48 h0=227.06 h1=62.38 h2=95 h3=62.38 hd0=29.69 hd1=49.92 hd2=35.91 hd3=49.92 im0=0.61 im1=0 im2=0.39 im3=0
   62 h0=219.3 h1=62.38 h2=103 h3=62.38 hd0=34.57 hd1=49.92 hd2=32.87 hd3=49.92 im0=0.52 im1=0 im2=0.48 im3=0
   78 h0=209.92 h1=62.38 h2=112 h3=62.38 hd0=39.41 hd1=49.92 hd2=29.38 hd3=49.92 im0=0.42 im1=0 im2=0.58 im3=0
   95 h0=199.64 h1=62.38 h2=123 h3=62.38 hd0=43.49 hd1=49.92 hd2=25.75 hd3=49.92 im0=0.32 im1=0 im2=0.68 im3=0
   113 h0=190.19 h1=62.38 h2=132 h3=62.38 hd0=46.22 hd1=49.92 hd2=22.61 hd3=49.92 im0=0.23 im1=0 im2=0.77 im3=0
   130 h0=181 h1=62.38 h2=141 h3=62.38 hd0=48.05 hd1=49.92 hd2=19.74 hd3=49.92 im0=0.16 im1=0 im2=0.84 im3=0
   146 h0=172.06 h1=62.38 h2=150 h3=62.38 hd0=49.14 hd1=49.92 hd2=17.12 hd3=49.92 im0=0.09 im1=0 im2=0.91 im3=0
   163 h0=163.86 h1=62.38 h2=159 h3=62.38 hd0=49.68 hd1=49.92 hd2=14.88 hd3=49.92 im0=0.05 im1=0 im2=0.95 im3=0
   179 h0=155.91 h1=62.38 h2=166 h3=62.38 hd0=49.89 hd1=49.92 hd2=12.84 hd3=49.92 im0=0.01 im1=0 im2=0.99 im3=0
   195 h0=147.7 h1=62.38 h2=175 h3=62.38 hd0=49.92 hd1=49.92 hd2=10.89 hd3=49.92 im0=0 im1=0 im2=1 im3=0
   211 h0=140.22 h1=62.38 h2=182 h3=62.38 hd0=49.92 hd1=49.92 hd2=9.25 hd3=49.92 im0=0 im1=0 im2=1 im3=0
   229 h0=132.11 h1=62.38 h2=190 h3=62.38 hd0=49.92 hd1=49.92 hd2=7.6 hd3=49.92 im0=0 im1=0 im2=1 im3=0
   246 h0=124.73 h1=62.38 h2=198 h3=62.38 hd0=49.92 hd1=49.92 hd2=6.24 hd3=49.92 im0=0 im1=0 im2=1 im3=0
   263 h0=118.06 h1=62.38 h2=204 h3=62.38 hd0=49.92 hd1=49.92 hd2=5.12 hd3=49.92 im0=0 im1=0 im2=1 im3=0
   279 h0=111.3 h1=62.38 h2=211 h3=62.38 hd0=49.92 hd1=49.92 hd2=4.08 hd3=49.92 im0=0 im1=0 im2=1 im3=0
   296 h0=104.88 h1=62.38 h2=218 h3=62.38 hd0=49.92 hd1=49.92 hd2=3.2 hd3=49.92 im0=0 im1=0 im2=1 im3=0
   313 h0=99.13 h1=62.38 h2=223 h3=62.38 hd0=49.92 hd1=49.92 hd2=2.49 hd3=49.92 im0=0 im1=0 im2=1 im3=0
   329 h0=93.69 h1=62.38 h2=229 h3=62.38 hd0=49.92 hd1=49.92 hd2=1.89 hd3=49.92 im0=0 im1=0 im2=1 im3=0
   345 h0=88.63 h1=62.38 h2=234 h3=62.38 hd0=49.92 hd1=49.92 hd2=1.4 hd3=49.92 im0=0 im1=0 im2=1 im3=0
   363 h0=83.34 h1=62.38 h2=239 h3=62.38 hd0=49.92 hd1=49.92 hd2=0.96 hd3=49.92 im0=0 im1=0 im2=1 im3=0
   379 h0=79.05 h1=62.38 h2=243 h3=62.38 hd0=49.92 hd1=49.92 hd2=0.66 hd3=49.92 im0=0 im1=0 im2=1 im3=0
   395 h0=74.95 h1=62.38 h2=247 h3=62.38 hd0=49.92 hd1=49.92 hd2=0.41 hd3=49.92 im0=0 im1=0 im2=1 im3=0
   412 h0=71.36 h1=62.38 h2=251 h3=62.38 hd0=49.92 hd1=49.92 hd2=0.24 hd3=49.92 im0=0 im1=0 im2=1 im3=0
   428 h0=68.42 h1=62.38 h2=254 h3=62.38 hd0=49.92 hd1=49.92 hd2=0.13 hd3=49.92 im0=0 im1=0 im2=1 im3=0
   446 h0=65.91 h1=62.38 h2=256 h3=62.38 hd0=49.92 hd1=49.92 hd2=0.05 hd3=49.92 im0=0 im1=0 im2=1 im3=0
   462 h0=64.13 h1=62.38 h2=258 h3=62.38 hd0=49.92 hd1=49.92 hd2=0.02 hd3=49.92 im0=0 im1=0 im2=1 im3=0
   479 h0=62.88 h1=62.38 h2=260 h3=62.38 hd0=49.92 hd1=49.92 hd2=0 hd3=49.92 im0=0 im1=0 im2=1 im3=0
   496 h0=62.39 h1=62.39 h2=260 h3=62.39 hd0=49.92 hd1=49.92 hd2=0 hd3=49.92 im0=0 im1=0 im2=1 im3=0
   1646 h0=62.38 h1=73 h2=248.94 h3=62.38 hd0=49.92 hd1=45 hd2=11.68 hd3=49.92 im0=0 im1=0.14 im2=0.86 im3=0
   1663 h0=62.38 h1=83 h2=238.89 h3=62.38 hd0=49.92 hd1=40.68 hd2=20.86 hd3=49.92 im0=0 im1=0.26 im2=0.74 im3=0
   1679 h0=62.38 h1=94 h2=228.27 h3=62.38 hd0=49.92 hd1=36.39 hd2=28.86 hd3=49.92 im0=0 im1=0.38 im2=0.62 im3=0
   1696 h0=62.38 h1=104 h2=218.11 h3=62.38 hd0=49.92 hd1=32.42 hd2=35.24 hd3=49.92 im0=0 im1=0.49 im2=0.51 im3=0
   1712 h0=62.38 h1=114 h2=208.19 h3=62.38 hd0=49.92 hd1=28.75 hd2=40.18 hd3=49.92 im0=0 im1=0.59 im2=0.41 im3=0
   1728 h0=62.38 h1=123 h2=199.08 h3=62.38 hd0=49.92 hd1=25.56 hd2=43.68 hd3=49.92 im0=0 im1=0.68 im2=0.32 im3=0
   1746 h0=62.38 h1=132 h2=190.19 h3=62.38 hd0=49.92 hd1=22.61 hd2=46.22 hd3=49.92 im0=0 im1=0.77 im2=0.23 im3=0
   1763 h0=62.38 h1=142 h2=180.47 h3=62.38 hd0=49.92 hd1=19.58 hd2=48.13 hd3=49.92 im0=0 im1=0.85 im2=0.15 im3=0
   1780 h0=62.38 h1=150 h2=172.06 h3=62.38 hd0=49.92 hd1=17.12 hd2=49.14 hd3=49.92 im0=0 im1=0.91 im2=0.09 im3=0
   1795 h0=62.38 h1=159 h2=163.34 h3=62.38 hd0=49.92 hd1=14.75 hd2=49.7 hd3=49.92 im0=0 im1=0.96 im2=0.04 im3=0
   1813 h0=62.38 h1=167 h2=155.41 h3=62.38 hd0=49.92 hd1=12.72 hd2=49.89 hd3=49.92 im0=0 im1=0.99 im2=0.01 im3=0
   1829 h0=62.38 h1=175 h2=147.22 h3=62.38 hd0=49.92 hd1=10.78 hd2=49.92 hd3=49.92 im0=0 im1=1 im2=0 im3=0
   1846 h0=62.38 h1=183 h2=139.31 h3=62.38 hd0=49.92 hd1=9.05 hd2=49.92 hd3=49.92 im0=0 im1=1 im2=0 im3=0
   1862 h0=62.38 h1=191 h2=131.67 h3=62.38 hd0=49.92 hd1=7.52 hd2=49.92 hd3=49.92 im0=0 im1=1 im2=0 im3=0
   1879 h0=62.38 h1=198 h2=124.73 h3=62.38 hd0=49.92 hd1=6.24 hd2=49.92 hd3=49.92 im0=0 im1=1 im2=0 im3=0
   1896 h0=62.38 h1=205 h2=117.66 h3=62.38 hd0=49.92 hd1=5.05 hd2=49.92 hd3=49.92 im0=0 im1=1 im2=0 im3=0
   1912 h0=62.38 h1=211 h2=110.91 h3=62.38 hd0=49.92 hd1=4.02 hd2=49.92 hd3=49.92 im0=0 im1=1 im2=0 im3=0
   1929 h0=62.38 h1=218 h2=104.88 h3=62.38 hd0=49.92 hd1=3.2 hd2=49.92 hd3=49.92 im0=0 im1=1 im2=0 im3=0
   1945 h0=62.38 h1=224 h2=98.77 h3=62.38 hd0=49.92 hd1=2.45 hd2=49.92 hd3=49.92 im0=0 im1=1 im2=0 im3=0
   1963 h0=62.38 h1=229 h2=93.36 h3=62.38 hd0=49.92 hd1=1.86 hd2=49.92 hd3=49.92 im0=0 im1=1 im2=0 im3=0
   1979 h0=62.38 h1=234 h2=88.02 h3=62.38 hd0=49.92 hd1=1.35 hd2=49.92 hd3=49.92 im0=0 im1=1 im2=0 im3=0
   1995 h0=62.38 h1=239 h2=83.06 h3=62.38 hd0=49.92 hd1=0.94 hd2=49.92 hd3=49.92 im0=0 im1=1 im2=0 im3=0
   2013 h0=62.38 h1=244 h2=78.8 h3=62.38 hd0=49.92 hd1=0.64 hd2=49.92 hd3=49.92 im0=0 im1=1 im2=0 im3=0
   2029 h0=62.38 h1=248 h2=74.73 h3=62.38 hd0=49.92 hd1=0.4 hd2=49.92 hd3=49.92 im0=0 im1=1 im2=0 im3=0
   2046 h0=62.38 h1=251 h2=71.16 h3=62.38 hd0=49.92 hd1=0.23 hd2=49.92 hd3=49.92 im0=0 im1=1 im2=0 im3=0
   2062 h0=62.38 h1=254 h2=68.11 h3=62.38 hd0=49.92 hd1=0.11 hd2=49.92 hd3=49.92 im0=0 im1=1 im2=0 im3=0
   2078 h0=62.38 h1=257 h2=65.77 h3=62.38 hd0=49.92 hd1=0.05 hd2=49.92 hd3=49.92 im0=0 im1=1 im2=0 im3=0
   2094 h0=62.38 h1=258 h2=64.13 h3=62.38 hd0=49.92 hd1=0.02 hd2=49.92 hd3=49.92 im0=0 im1=1 im2=0 im3=0
   2113 h0=62.38 h1=260 h2=62.88 h3=62.38 hd0=49.92 hd1=0 hd2=49.92 hd3=49.92 im0=0 im1=1 im2=0 im3=0
   2128 h0=62.39 h1=260 h2=62.39 h3=62.39 hd0=49.92 hd1=0 hd2=49.92 hd3=49.92 im0=0 im1=1 im2=0 im3=0
   2494 h0=62.38 h1=248.94 h2=62.38 h3=73 hd0=49.92 hd1=11.68 hd2=49.92 hd3=45 im0=0 im1=0.86 im2=0 im3=0.14
   2513 h0=62.38 h1=238.89 h2=62.38 h3=83 hd0=49.92 hd1=20.86 hd2=49.92 hd3=40.68 im0=0 im1=0.74 im2=0 im3=0.26
   2529 h0=62.38 h1=227.67 h2=62.38 h3=95 hd0=49.92 hd1=29.28 hd2=49.92 hd3=36.15 im0=0 im1=0.62 im2=0 im3=0.38
   2546 h0=62.38 h1=217.52 h2=62.38 h3=105 hd0=49.92 hd1=35.57 hd2=49.92 hd3=32.2 im0=0 im1=0.5 im2=0 im3=0.5
   2562 h0=62.38 h1=207.61 h2=62.38 h3=115 hd0=49.92 hd1=40.43 hd2=49.92 hd3=28.54 im0=0 im1=0.4 im2=0 im3=0.6
   2579 h0=62.38 h1=198.53 h2=62.38 h3=124 hd0=49.92 hd1=43.87 hd2=49.92 hd3=25.37 im0=0 im1=0.31 im2=0 im3=0.69
   2594 h0=62.38 h1=189.08 h2=62.38 h3=133 hd0=49.92 hd1=46.48 hd2=49.92 hd3=22.26 im0=0 im1=0.22 im2=0 im3=0.78
   2612 h0=62.38 h1=181 h2=62.38 h3=141 hd0=49.92 hd1=48.05 hd2=49.92 hd3=19.74 im0=0 im1=0.16 im2=0 im3=0.84
   2629 h0=62.38 h1=172.06 h2=62.38 h3=150 hd0=49.92 hd1=49.14 hd2=49.92 hd3=17.12 im0=0 im1=0.09 im2=0 im3=0.91
   2646 h0=62.38 h1=162.84 h2=62.38 h3=160 hd0=49.92 hd1=49.72 hd2=49.92 hd3=14.61 im0=0 im1=0.04 im2=0 im3=0.96
   2662 h0=62.38 h1=154.42 h2=62.38 h3=168 hd0=49.92 hd1=49.9 hd2=49.92 hd3=12.48 im0=0 im1=0.01 im2=0 im3=0.99
   2678 h0=62.38 h1=146.75 h2=62.38 h3=176 hd0=49.92 hd1=49.92 hd2=49.92 hd3=10.68 im0=0 im1=0 im2=0 im3=1
   2696 h0=62.38 h1=139.31 h2=62.38 h3=183 hd0=49.92 hd1=49.92 hd2=49.92 hd3=9.05 im0=0 im1=0 im2=0 im3=1
   2712 h0=62.38 h1=131.23 h2=62.38 h3=191 hd0=49.92 hd1=49.92 hd2=49.92 hd3=7.43 im0=0 im1=0 im2=0 im3=1
   2729 h0=62.38 h1=124.31 h2=62.38 h3=198 hd0=49.92 hd1=49.92 hd2=49.92 hd3=6.17 im0=0 im1=0 im2=0 im3=1
   2744 h0=62.38 h1=117.27 h2=62.38 h3=205 hd0=49.92 hd1=49.92 hd2=49.92 hd3=4.99 im0=0 im1=0 im2=0 im3=1
   2762 h0=62.38 h1=111.3 h2=62.38 h3=211 hd0=49.92 hd1=49.92 hd2=49.92 hd3=4.08 im0=0 im1=0 im2=0 im3=1
   2779 h0=62.38 h1=104.5 h2=62.38 h3=218 hd0=49.92 hd1=49.92 hd2=49.92 hd3=3.15 im0=0 im1=0 im2=0 im3=1
   2796 h0=62.38 h1=98.42 h2=62.38 h3=224 hd0=49.92 hd1=49.92 hd2=49.92 hd3=2.41 im0=0 im1=0 im2=0 im3=1
   2813 h0=62.38 h1=92.7 h2=62.38 h3=230 hd0=49.92 hd1=49.92 hd2=49.92 hd3=1.79 im0=0 im1=0 im2=0 im3=1
   2828 h0=62.38 h1=87.7 h2=62.38 h3=235 hd0=49.92 hd1=49.92 hd2=49.92 hd3=1.32 im0=0 im1=0 im2=0 im3=1
   2846 h0=62.38 h1=83.06 h2=62.38 h3=239 hd0=49.92 hd1=49.92 hd2=49.92 hd3=0.94 im0=0 im1=0 im2=0 im3=1
   2862 h0=62.38 h1=78.3 h2=62.38 h3=244 hd0=49.92 hd1=49.92 hd2=49.92 hd3=0.61 im0=0 im1=0 im2=0 im3=1
   2879 h0=62.38 h1=74.73 h2=62.38 h3=248 hd0=49.92 hd1=49.92 hd2=49.92 hd3=0.4 im0=0 im1=0 im2=0 im3=1
   2896 h0=62.38 h1=70.97 h2=62.38 h3=251 hd0=49.92 hd1=49.92 hd2=49.92 hd3=0.22 im0=0 im1=0 im2=0 im3=1
   2913 h0=62.38 h1=67.95 h2=62.38 h3=254 hd0=49.92 hd1=49.92 hd2=49.92 hd3=0.11 im0=0 im1=0 im2=0 im3=1
   2929 h0=62.38 h1=65.64 h2=62.38 h3=257 hd0=49.92 hd1=49.92 hd2=49.92 hd3=0.05 im0=0 im1=0 im2=0 im3=1
   2946 h0=62.38 h1=63.84 h2=62.38 h3=259 hd0=49.92 hd1=49.92 hd2=49.92 hd3=0.01 im0=0 im1=0 im2=0 im3=1
   2963 h0=62.38 h1=62.75 h2=62.38 h3=260 hd0=49.92 hd1=49.92 hd2=49.92 hd3=0 im0=0 im1=0 im2=0 im3=1
   2979 h0=62.39 h1=62.39 h2=62.39 h3=260 hd0=49.92 hd1=49.92 hd2=49.92 hd3=0 im0=0 im1=0 im2=0 im3=1
   3362 h0=62.39 h1=62.39 h2=62.39 h3=260 hd0=49.92 hd1=49.92 hd2=49.92 hd3=0 im0=0 im1=0 im2=0 im3=1
